Read 500 model paths
Medium: 10 media (per-model loop): gradient_L0_base_gapseq, gradient_L1_inulin_gapseq, gradient_L2_fos_gapseq, gradient_L3_gos_gapseq, gradient_L4_xos_gapseq, gradient_L5_pectin_gapseq, gradient_L6_resistant_starch_gapseq, gradient_L7_bglucan_gapseq, gradient_L8_hmo_gapseq, gradient_L9_mos_gapseq
Models: 500
COBRApy: 0.31.1  solver: <module 'optlang.hybrid_interface' from '/opt/homebrew/Caskroom/miniforge/base/lib/python3.13/site-packages/optlang/hybrid_interface.py'>
Algorithm: FBA → CycleFreeFlux+pFBA (fast-mic style)
Uptake limits: C=10.0 aa=1.0 nuc=0.5 cof=0.1  (per-compound overrides from CSV)
Workers: 8  Per-model timeout: 120s

  [1/500] MGYG000000002
    10 media  mets=1401 rxns=1622 biomass=bio1 growth=0.4282..1.8572  load=1.394s  pfba=64.015s
  [2/500] MGYG000000014
    10 media  mets=1784 rxns=2176 biomass=bio1 growth=1.3608..3.2092  load=1.811s  pfba=107.540s
  [3/500] MGYG000000030
    10 media  mets=1329 rxns=1501 biomass=bio1 growth=0.0000..1.5540  load=1.314s  pfba=38.594s
  [4/500] MGYG000000040
    10 media  mets=1293 rxns=1415 biomass=bio1 growth=0.0000..0.0000  load=1.251s  pfba=0.659s
  [5/500] MGYG000000045
    10 media  mets=1295 rxns=1489 biomass=bio1 growth=0.6480..1.7877  load=1.281s  pfba=53.973s
  [6/500] MGYG000000054
    10 media  mets=1395 rxns=1680 biomass=bio1 growth=1.4403..2.8440  load=1.475s  pfba=69.381s
  [7/500] MGYG000000055
    10 media  mets=1288 rxns=1495 biomass=bio1 growth=0.0000..0.0000  load=1.265s  pfba=0.720s
  [8/500] MGYG000000059
    10 media  mets=1359 rxns=1483 biomass=bio1 growth=0.0000..0.9898  load=1.320s  pfba=32.702s
  [9/500] MGYG000000062
    10 media  mets=1370 rxns=1580 biomass=bio1 growth=0.7205..1.7730  load=1.421s  pfba=60.377s
  [10/500] MGYG000000072
    10 media  mets=1263 rxns=1324 biomass=bio1 growth=0.3796..1.2082  load=1.204s  pfba=44.756s
  [11/500] MGYG000000077
    10 media  mets=1443 rxns=1619 biomass=bio1 growth=0.0000..1.2662  load=1.468s  pfba=43.764s
  [12/500] MGYG000000078
    10 media  mets=1345 rxns=1481 biomass=bio1 growth=0.0000..1.0721  load=1.367s  pfba=37.345s
  [13/500] MGYG000000082
    10 media  mets=1761 rxns=1936 biomass=bio1 growth=0.4219..0.6427  load=1.796s  pfba=90.258s
  [14/500] MGYG000000088
    10 media  mets=1472 rxns=1756 biomass=bio1 growth=0.6564..1.6450  load=1.576s  pfba=73.989s
  [15/500] MGYG000000092
    10 media  mets=1395 rxns=1626 biomass=bio1 growth=0.0000..2.3345  load=1.481s  pfba=38.874s
  [16/500] MGYG000000100
    10 media  mets=1374 rxns=1529 biomass=bio1 growth=0.7993..1.3128  load=1.428s  pfba=57.694s
  [17/500] MGYG000000109
    10 media  mets=1405 rxns=1650 biomass=bio1 growth=0.5120..1.3761  load=1.399s  pfba=66.829s
  [18/500] MGYG000000128
    10 media  mets=1104 rxns=1181 biomass=bio1 growth=0.2059..0.7571  load=1.055s  pfba=35.695s
  [19/500] MGYG000000137
    10 media  mets=1371 rxns=1616 biomass=bio1 growth=0.0000..2.2268  load=1.346s  pfba=44.176s
  [20/500] MGYG000000143
    10 media  mets=1288 rxns=1543 biomass=bio1 growth=0.9905..3.0060  load=1.380s  pfba=56.492s
  [21/500] MGYG000000148
    10 media  mets=1391 rxns=1624 biomass=bio1 growth=0.0000..2.9903  load=1.516s  pfba=45.499s
  [22/500] MGYG000000157
    10 media  mets=1412 rxns=1667 biomass=bio1 growth=1.6210..2.9128  load=1.546s  pfba=65.238s
  [23/500] MGYG000000161
    10 media  mets=1236 rxns=1431 biomass=bio1 growth=0.3870..1.1443  load=1.373s  pfba=50.321s
  [24/500] MGYG000000163
    10 media  mets=1487 rxns=1779 biomass=bio1 growth=0.7012..1.8547  load=1.597s  pfba=74.266s
  [25/500] MGYG000000167
    10 media  mets=1158 rxns=1295 biomass=bio1 growth=0.3824..1.2405  load=1.163s  pfba=41.393s
  [26/500] MGYG000000171
    10 media  mets=1416 rxns=1671 biomass=bio1 growth=0.9745..2.4528  load=1.493s  pfba=68.116s
  [27/500] MGYG000000175
    10 media  mets=1657 rxns=1946 biomass=bio1 growth=0.0000..0.0000  load=1.646s  pfba=1.374s
  [28/500] MGYG000000176
    10 media  mets=1715 rxns=1994 biomass=bio1 growth=1.5303..3.6415  load=1.837s  pfba=94.293s
  [29/500] MGYG000000187
    10 media  mets=1332 rxns=1460 biomass=bio1 growth=0.0000..1.5738  load=1.194s  pfba=36.524s
  [30/500] MGYG000000189
    10 media  mets=1433 rxns=1605 biomass=bio1 growth=0.0000..1.7288  load=1.427s  pfba=42.549s
  [31/500] MGYG000000191
    10 media  mets=1870 rxns=2322 biomass=bio1 growth=1.0661..2.4734  load=1.952s  pfba=127.229s
  [32/500] MGYG000000193
    10 media  mets=1362 rxns=1585 biomass=bio1 growth=0.6741..1.8546  load=1.413s  pfba=62.352s
  [33/500] MGYG000000201
    10 media  mets=1485 rxns=1742 biomass=bio1 growth=0.0000..2.5244  load=1.552s  pfba=50.731s
  [34/500] MGYG000000202
    10 media  mets=1586 rxns=1807 biomass=bio1 growth=0.6755..2.7532  load=1.601s  pfba=77.499s
  [35/500] MGYG000000213
    10 media  mets=1429 rxns=1656 biomass=bio1 growth=0.8257..2.4646  load=1.481s  pfba=64.728s
  [36/500] MGYG000000231
    10 media  mets=1425 rxns=1587 biomass=bio1 growth=0.0000..1.4539  load=1.407s  pfba=41.836s
  [37/500] MGYG000000249
    10 media  mets=1405 rxns=1623 biomass=bio1 growth=0.9965..2.4800  load=1.333s  pfba=63.200s
  [38/500] MGYG000000257
    10 media  mets=1165 rxns=1318 biomass=bio1 growth=0.7497..2.0990  load=1.183s  pfba=43.572s
  [39/500] MGYG000000260
    10 media  mets=1066 rxns=1179 biomass=bio1 growth=0.4027..1.1689  load=1.029s  pfba=34.390s
  [40/500] MGYG000000266
    10 media  mets=1159 rxns=1315 biomass=bio1 growth=0.8002..2.1511  load=1.037s  pfba=43.153s
  [41/500] MGYG000000275
    10 media  mets=1167 rxns=1277 biomass=bio1 growth=0.7599..1.9642  load=1.011s  pfba=39.220s
  [42/500] MGYG000000279
    10 media  mets=1299 rxns=1421 biomass=bio1 growth=0.4278..0.5575  load=1.360s  pfba=50.070s
  [43/500] MGYG000000281
    10 media  mets=1509 rxns=1734 biomass=bio1 growth=0.0000..2.8536  load=1.577s  pfba=50.836s
  [44/500] MGYG000000288
    10 media  mets=1137 rxns=1273 biomass=bio1 growth=0.7299..2.1287  load=1.144s  pfba=39.904s
  [45/500] MGYG000000296
    10 media  mets=1300 rxns=1444 biomass=bio1 growth=0.0000..1.5626  load=1.274s  pfba=34.955s
  [46/500] MGYG000000303
    10 media  mets=1289 rxns=1525 biomass=bio1 growth=0.0000..1.3913  load=1.248s  pfba=39.688s
  [47/500] MGYG000000319
    10 media  mets=1140 rxns=1260 biomass=bio1 growth=0.6657..1.4436  load=0.994s  pfba=37.875s
  [48/500] MGYG000000322
    10 media  mets=1371 rxns=1580 biomass=bio1 growth=0.0000..2.2761  load=1.357s  pfba=42.568s
  [49/500] MGYG000000337
    10 media  mets=1929 rxns=2341 biomass=bio1 growth=0.9388..1.8632  load=1.945s  pfba=130.015s
  [50/500] MGYG000000363
    10 media  mets=1240 rxns=1313 biomass=bio1 growth=0.0000..0.7712  load=1.087s  pfba=29.890s
  [51/500] MGYG000000364
    10 media  mets=1319 rxns=1487 biomass=bio1 growth=0.0000..1.2499  load=1.229s  pfba=37.586s
  [52/500] MGYG000000375
    10 media  mets=975 rxns=924 biomass=bio1 growth=0.0000..0.0000  load=0.754s  pfba=0.317s
  [53/500] MGYG000000377
    10 media  mets=1297 rxns=1414 biomass=bio1 growth=0.0000..0.9304  load=1.171s  pfba=30.052s
  [54/500] MGYG000000398
    10 media  mets=1515 rxns=1668 biomass=bio1 growth=0.0000..1.7625  load=1.403s  pfba=46.788s
  [55/500] MGYG000000416
    10 media  mets=1056 rxns=1090 biomass=bio1 growth=0.0000..0.2299  load=0.902s  pfba=21.540s
  [56/500] MGYG000000435
    10 media  mets=912 rxns=974 biomass=bio1 growth=0.0000..1.6603  load=0.766s  pfba=20.853s
  [57/500] MGYG000000442
    10 media  mets=1390 rxns=1512 biomass=bio1 growth=0.4849..0.6673  load=1.333s  pfba=56.889s
  [58/500] MGYG000000462
    10 media  mets=1126 rxns=1225 biomass=bio1 growth=0.0000..0.0983  load=0.959s  pfba=34.060s
  [59/500] MGYG000000464
    10 media  mets=1056 rxns=1069 biomass=bio1 growth=0.0000..0.5341  load=0.871s  pfba=26.208s
  [60/500] MGYG000000482
    10 media  mets=692 rxns=652 biomass=bio1 growth=0.0000..0.0000  load=0.508s  pfba=0.289s
  [61/500] MGYG000000489
    10 media  mets=1372 rxns=1592 biomass=bio1 growth=0.2503..1.5430  load=1.413s  pfba=61.638s
  [62/500] MGYG000000515
    10 media  mets=1359 rxns=1522 biomass=bio1 growth=0.0000..1.4248  load=1.345s  pfba=34.823s
  [63/500] MGYG000000519
    10 media  mets=1033 rxns=1050 biomass=bio1 growth=0.0000..1.3306  load=0.926s  pfba=24.673s
  [64/500] MGYG000000524
    10 media  mets=1037 rxns=1039 biomass=bio1 growth=0.0000..1.4695  load=0.940s  pfba=16.393s
  [65/500] MGYG000000542
    10 media  mets=1207 rxns=1284 biomass=bio1 growth=0.0000..1.5572  load=1.081s  pfba=29.534s
  [66/500] MGYG000000544
    10 media  mets=1040 rxns=1077 biomass=bio1 growth=0.0000..0.0000  load=0.974s  pfba=0.389s
  [67/500] MGYG000000549
    10 media  mets=1133 rxns=1196 biomass=bio1 growth=0.0000..0.2827  load=0.979s  pfba=31.611s
  [68/500] MGYG000000563
    10 media  mets=1109 rxns=1210 biomass=bio1 growth=0.5231..1.4437  load=0.956s  pfba=36.191s
  [69/500] MGYG000000572
    10 media  mets=1141 rxns=1197 biomass=bio1 growth=0.0000..0.0000  load=0.947s  pfba=0.609s
  [70/500] MGYG000000582
    10 media  mets=1343 rxns=1603 biomass=bio1 growth=0.7762..1.8885  load=1.320s  pfba=60.648s
  [71/500] MGYG000000604
    10 media  mets=1263 rxns=1421 biomass=bio1 growth=0.0000..2.1176  load=1.130s  pfba=35.513s
  [72/500] MGYG000000606
    10 media  mets=1219 rxns=1363 biomass=bio1 growth=0.7400..1.2191  load=1.050s  pfba=45.613s
  [73/500] MGYG000000616
    10 media  mets=1186 rxns=1244 biomass=bio1 growth=0.0000..0.2899  load=1.124s  pfba=19.875s
  [74/500] MGYG000000620
    10 media  mets=1140 rxns=1281 biomass=bio1 growth=0.6015..1.1524  load=1.018s  pfba=40.055s
  [75/500] MGYG000000623
    10 media  mets=1350 rxns=1551 biomass=bio1 growth=0.3232..1.7337  load=1.373s  pfba=58.336s
  [76/500] MGYG000000627
    10 media  mets=1336 rxns=1492 biomass=bio1 growth=0.3500..0.9944  load=1.317s  pfba=52.419s
  [77/500] MGYG000000630
    10 media  mets=1233 rxns=1332 biomass=bio1 growth=0.0776..0.1766  load=1.112s  pfba=42.986s
  [78/500] MGYG000000631
    10 media  mets=1258 rxns=1439 biomass=bio1 growth=0.7878..1.3044  load=1.247s  pfba=51.278s
  [79/500] MGYG000000643
    10 media  mets=1136 rxns=1185 biomass=bio1 growth=0.0000..0.3023  load=1.055s  pfba=18.470s
  [80/500] MGYG000000644
    10 media  mets=1343 rxns=1599 biomass=bio1 growth=0.0000..1.6212  load=1.261s  pfba=42.740s
  [81/500] MGYG000000654
    10 media  mets=827 rxns=825 biomass=bio1 growth=0.0000..0.0000  load=0.642s  pfba=0.379s
  [82/500] MGYG000000659
    10 media  mets=887 rxns=934 biomass=bio1 growth=0.0000..0.0000  load=0.703s  pfba=0.369s
  [83/500] MGYG000000660
    10 media  mets=1047 rxns=1167 biomass=bio1 growth=0.5267..1.5754  load=1.088s  pfba=34.300s
  [84/500] MGYG000000672
    10 media  mets=1215 rxns=1353 biomass=bio1 growth=0.3351..0.9230  load=1.248s  pfba=45.463s
  [85/500] MGYG000000676
    10 media  mets=1051 rxns=1154 biomass=bio1 growth=0.2755..1.9835  load=0.950s  pfba=33.872s
  [86/500] MGYG000000683
    10 media  mets=1172 rxns=1264 biomass=bio1 growth=0.3807..1.1756  load=1.015s  pfba=38.853s
  [87/500] MGYG000000684
    10 media  mets=1167 rxns=1290 biomass=bio1 growth=0.5557..1.4200  load=1.169s  pfba=41.152s
  [88/500] MGYG000000693
    10 media  mets=1164 rxns=1312 biomass=bio1 growth=0.7790..2.1263  load=1.169s  pfba=42.244s
  [89/500] MGYG000000694
    10 media  mets=1168 rxns=1302 biomass=bio1 growth=0.0000..0.0000  load=1.192s  pfba=0.535s
  [90/500] MGYG000000696
    10 media  mets=1378 rxns=1611 biomass=bio1 growth=0.0000..2.2761  load=1.316s  pfba=56.695s
  [91/500] MGYG000000719
    10 media  mets=946 rxns=1014 biomass=bio1 growth=0.0000..1.2768  load=0.827s  pfba=15.673s
  [92/500] MGYG000000722
    10 media  mets=1069 rxns=1164 biomass=bio1 growth=0.0000..0.7390  load=0.938s  pfba=23.566s
  [93/500] MGYG000000773
    10 media  mets=1055 rxns=1164 biomass=bio1 growth=0.0000..0.0000  load=1.037s  pfba=0.506s
  [94/500] MGYG000000782
    10 media  mets=1287 rxns=1390 biomass=bio1 growth=0.3832..0.7145  load=1.139s  pfba=48.848s
  [95/500] MGYG000000783
    10 media  mets=1331 rxns=1484 biomass=bio1 growth=0.4876..0.7241  load=1.314s  pfba=53.566s
  [96/500] MGYG000000821
    10 media  mets=1282 rxns=1348 biomass=bio1 growth=0.0000..0.0000  load=1.144s  pfba=0.511s
  [97/500] MGYG000000822
    10 media  mets=1330 rxns=1584 biomass=bio1 growth=0.5697..1.4347  load=1.323s  pfba=61.436s
  [98/500] MGYG000000835
    10 media  mets=1148 rxns=1260 biomass=bio1 growth=0.5960..1.5735  load=1.020s  pfba=38.712s
  [99/500] MGYG000000847
    10 media  mets=1428 rxns=1560 biomass=bio1 growth=0.4921..0.7861  load=1.325s  pfba=58.515s
  [100/500] MGYG000000858
    10 media  mets=1040 rxns=1147 biomass=bio1 growth=0.2199..0.2569  load=0.900s  pfba=31.755s
  [101/500] MGYG000000862
    10 media  mets=1229 rxns=1335 biomass=bio1 growth=0.4037..1.1717  load=1.087s  pfba=43.982s
  [102/500] MGYG000000863
    10 media  mets=1180 rxns=1306 biomass=bio1 growth=0.0000..1.0434  load=1.019s  pfba=29.798s
  [103/500] MGYG000000870
    10 media  mets=1285 rxns=1439 biomass=bio1 growth=0.0000..1.2332  load=1.242s  pfba=35.293s
  [104/500] MGYG000000872
    10 media  mets=1216 rxns=1377 biomass=bio1 growth=0.0000..1.1083  load=1.263s  pfba=26.864s
  [105/500] MGYG000000877
    10 media  mets=1115 rxns=1208 biomass=bio1 growth=0.0000..1.1300  load=0.990s  pfba=25.704s
  [106/500] MGYG000000909
    10 media  mets=1458 rxns=1697 biomass=bio1 growth=1.2375..2.6356  load=1.373s  pfba=67.224s
  [107/500] MGYG000000914
    10 media  mets=1331 rxns=1518 biomass=bio1 growth=1.0221..1.3419  load=1.235s  pfba=54.904s
  [108/500] MGYG000000919
    10 media  mets=1469 rxns=1720 biomass=bio1 growth=1.2668..3.4301  load=1.512s  pfba=71.687s
  [109/500] MGYG000000920
    10 media  mets=1273 rxns=1434 biomass=bio1 growth=0.0000..2.1544  load=1.187s  pfba=45.235s
  [110/500] MGYG000000952
    10 media  mets=981 rxns=977 biomass=bio1 growth=0.0000..0.0000  load=0.765s  pfba=0.377s
  [111/500] MGYG000000965
    10 media  mets=1047 rxns=1073 biomass=bio1 growth=0.0000..0.0000  load=0.899s  pfba=0.524s
  [112/500] MGYG000000968
    10 media  mets=1324 rxns=1487 biomass=bio1 growth=0.5055..0.8321  load=1.287s  pfba=51.858s
  [113/500] MGYG000000974
    10 media  mets=877 rxns=911 biomass=bio1 growth=0.0000..0.0000  load=0.823s  pfba=0.345s
  [114/500] MGYG000000990
    10 media  mets=1409 rxns=1635 biomass=bio1 growth=0.0000..2.4680  load=1.420s  pfba=38.448s
  [115/500] MGYG000000994
    10 media  mets=1226 rxns=1250 biomass=bio1 growth=0.0193..0.1608  load=1.054s  pfba=39.581s
  [116/500] MGYG000001004
    10 media  mets=1333 rxns=1503 biomass=bio1 growth=0.0000..2.2266  load=1.203s  pfba=33.533s
  [117/500] MGYG000001007
    10 media  mets=1380 rxns=1599 biomass=bio1 growth=0.7009..1.7506  load=1.425s  pfba=60.791s
  [118/500] MGYG000001023
    10 media  mets=1175 rxns=1245 biomass=bio1 growth=0.0000..0.5945  load=1.129s  pfba=23.816s
  [119/500] MGYG000001027
    10 media  mets=1298 rxns=1438 biomass=bio1 growth=0.0000..0.0000  load=1.262s  pfba=0.696s
  [120/500] MGYG000001029
    10 media  mets=1114 rxns=1243 biomass=bio1 growth=0.0000..1.2552  load=0.977s  pfba=35.232s
  [121/500] MGYG000001030
    10 media  mets=1307 rxns=1450 biomass=bio1 growth=0.0000..0.6411  load=1.202s  pfba=31.364s
  [122/500] MGYG000001062
    10 media  mets=1120 rxns=1130 biomass=bio1 growth=0.0000..0.0000  load=1.007s  pfba=0.405s
  [123/500] MGYG000001066
    10 media  mets=1194 rxns=1316 biomass=bio1 growth=0.2924..0.5827  load=1.206s  pfba=43.060s
  [124/500] MGYG000001068
    10 media  mets=1424 rxns=1700 biomass=bio1 growth=0.5043..1.0895  load=1.364s  pfba=66.977s
  [125/500] MGYG000001093
    10 media  mets=1512 rxns=1661 biomass=bio1 growth=0.0000..0.2873  load=1.577s  pfba=59.444s
  [126/500] MGYG000001096
    10 media  mets=1156 rxns=1299 biomass=bio1 growth=0.7901..2.1248  load=1.027s  pfba=42.203s
  [127/500] MGYG000001115
    10 media  mets=1251 rxns=1400 biomass=bio1 growth=0.0000..1.8261  load=1.163s  pfba=33.806s
  [128/500] MGYG000001141
    10 media  mets=1304 rxns=1471 biomass=bio1 growth=0.0000..1.3508  load=1.220s  pfba=37.827s
  [129/500] MGYG000001153
    10 media  mets=1054 rxns=1071 biomass=bio1 growth=0.0000..0.0949  load=0.958s  pfba=26.302s
  [130/500] MGYG000001157
    10 media  mets=1275 rxns=1452 biomass=bio1 growth=0.0000..2.0946  load=1.181s  pfba=36.034s
  [131/500] MGYG000001175
    10 media  mets=888 rxns=849 biomass=bio1 growth=0.0000..0.0000  load=0.680s  pfba=0.275s
  [132/500] MGYG000001179
    10 media  mets=1173 rxns=1297 biomass=bio1 growth=0.4972..1.5482  load=1.065s  pfba=41.506s
  [133/500] MGYG000001182
    10 media  mets=939 rxns=883 biomass=bio1 growth=0.0000..0.0000  load=0.699s  pfba=0.274s
  [134/500] MGYG000001186
    10 media  mets=1400 rxns=1626 biomass=bio1 growth=0.4174..1.6882  load=1.447s  pfba=63.262s
  [135/500] MGYG000001193
    10 media  mets=1165 rxns=1198 biomass=bio1 growth=0.0987..0.2094  load=1.007s  pfba=38.323s
  [136/500] MGYG000001203
    10 media  mets=1170 rxns=1256 biomass=bio1 growth=0.6884..1.7258  load=1.096s  pfba=39.218s
  [137/500] MGYG000001209
    10 media  mets=1144 rxns=1230 biomass=bio1 growth=0.0000..0.8134  load=1.003s  pfba=34.243s
  [138/500] MGYG000001216
    10 media  mets=899 rxns=869 biomass=bio1 growth=0.0000..0.0000  load=0.813s  pfba=0.301s
  [139/500] MGYG000001227
    10 media  mets=1085 rxns=1197 biomass=bio1 growth=0.0000..0.0000  load=1.086s  pfba=0.490s
  [140/500] MGYG000001238
    10 media  mets=1282 rxns=1302 biomass=bio1 growth=0.0000..0.7260  load=1.092s  pfba=30.175s
  [141/500] MGYG000001241
    10 media  mets=1064 rxns=1171 biomass=bio1 growth=0.0000..0.1221  load=1.095s  pfba=30.935s
  [142/500] MGYG000001246
    10 media  mets=1448 rxns=1685 biomass=bio1 growth=0.0000..2.3708  load=1.514s  pfba=46.585s
  [143/500] MGYG000001277
    10 media  mets=1454 rxns=1585 biomass=bio1 growth=0.3681..0.7135  load=1.472s  pfba=60.618s
  [144/500] MGYG000001280
    10 media  mets=900 rxns=955 biomass=bio1 growth=0.0000..0.0000  load=0.752s  pfba=0.321s
  [145/500] MGYG000001296
    10 media  mets=1451 rxns=1675 biomass=bio1 growth=0.5646..1.3958  load=1.509s  pfba=66.679s
  [146/500] MGYG000001297
    10 media  mets=1362 rxns=1490 biomass=bio1 growth=0.4214..0.5338  load=1.203s  pfba=53.049s
  [147/500] MGYG000001303
    10 media  mets=1459 rxns=1670 biomass=bio1 growth=0.6383..2.0040  load=1.444s  pfba=68.486s
  [148/500] MGYG000001306
    10 media  mets=1453 rxns=1727 biomass=bio1 growth=0.0000..0.0000  load=1.427s  pfba=1.018s
  [149/500] MGYG000001307
    10 media  mets=2100 rxns=2578 biomass=bio1 growth=1.1734..2.3479  load=2.395s  pfba=157.699s
  [150/500] MGYG000001316
    10 media  mets=1555 rxns=1814 biomass=bio1 growth=1.0989..2.2761  load=1.530s  pfba=75.750s
  [151/500] MGYG000001318
    10 media  mets=2250 rxns=2839 biomass=bio1 growth=1.5704..3.4738  load=2.670s  pfba=195.781s
  [152/500] MGYG000001319
    10 media  mets=1273 rxns=1419 biomass=bio1 growth=0.0000..1.0924  load=1.175s  pfba=34.496s
  [153/500] MGYG000001323
    10 media  mets=2212 rxns=2725 biomass=bio1 growth=1.4105..3.0341  load=2.466s  pfba=175.659s
  [154/500] MGYG000001328
    10 media  mets=1648 rxns=1956 biomass=bio1 growth=1.2554..3.3335  load=1.744s  pfba=87.428s
  [155/500] MGYG000001331
    10 media  mets=1540 rxns=1677 biomass=bio1 growth=0.3889..0.7179  load=1.525s  pfba=69.647s
  [156/500] MGYG000001357
    10 media  mets=1239 rxns=1385 biomass=bio1 growth=0.2672..0.4735  load=1.251s  pfba=47.962s
  [157/500] MGYG000001374
    10 media  mets=1317 rxns=1511 biomass=bio1 growth=0.0000..2.3765  load=1.329s  pfba=33.486s
  [158/500] MGYG000001375
    10 media  mets=1230 rxns=1333 biomass=bio1 growth=0.0000..2.1181  load=1.095s  pfba=31.169s
  [159/500] MGYG000001378
    10 media  mets=1559 rxns=1896 biomass=bio1 growth=0.0000..0.0000  load=1.592s  pfba=1.129s
  [160/500] MGYG000001380
    10 media  mets=1436 rxns=1699 biomass=bio1 growth=0.7554..1.9533  load=1.531s  pfba=71.777s
  [161/500] MGYG000001381
    10 media  mets=1622 rxns=1829 biomass=bio1 growth=0.4102..1.1119  load=1.725s  pfba=80.883s
  [162/500] MGYG000001390
    10 media  mets=1889 rxns=2351 biomass=bio1 growth=1.1472..2.4580  load=2.266s  pfba=131.916s
  [163/500] MGYG000001393
    10 media  mets=2265 rxns=2842 biomass=bio1 growth=1.8014..3.1958  load=2.498s  pfba=192.771s
  [164/500] MGYG000001403
    10 media  mets=1860 rxns=2273 biomass=bio1 growth=0.7216..1.8925  load=2.198s  pfba=120.422s
  [165/500] MGYG000001404
    10 media  mets=1655 rxns=1960 biomass=bio1 growth=0.8209..1.8626  load=1.733s  pfba=93.184s
  [166/500] MGYG000001408
    10 media  mets=1674 rxns=1948 biomass=bio1 growth=0.2105..0.7106  load=1.695s  pfba=91.567s
  [167/500] MGYG000001420
    10 media  mets=1354 rxns=1554 biomass=bio1 growth=0.0000..0.0000  load=1.389s  pfba=0.862s
  [168/500] MGYG000001430
    10 media  mets=1233 rxns=1400 biomass=bio1 growth=0.0000..0.0000  load=1.104s  pfba=0.578s
  [169/500] MGYG000001443
    10 media  mets=2197 rxns=2591 biomass=bio1 growth=0.9717..2.2266  load=2.451s  pfba=166.685s
  [170/500] MGYG000001444
    10 media  mets=1312 rxns=1423 biomass=bio1 growth=0.3259..0.4676  load=1.183s  pfba=51.170s
  [171/500] MGYG000001454
    10 media  mets=1166 rxns=1314 biomass=bio1 growth=0.0000..1.6023  load=1.067s  pfba=39.465s
  [172/500] MGYG000001457
    10 media  mets=2226 rxns=2654 biomass=bio1 growth=0.6663..1.8434  load=2.479s  pfba=167.244s
  [173/500] MGYG000001488
    10 media  mets=1782 rxns=2087 biomass=bio1 growth=0.6220..1.5940  load=2.153s  pfba=104.482s
  [174/500] MGYG000001553
    10 media  mets=1502 rxns=1712 biomass=bio1 growth=0.9360..2.0785  load=1.377s  pfba=68.522s
  [175/500] MGYG000001554
    10 media  mets=1588 rxns=1903 biomass=bio1 growth=0.4879..1.7629  load=1.693s  pfba=85.943s
  [176/500] MGYG000001555
    10 media  mets=1428 rxns=1594 biomass=bio1 growth=0.0000..0.0000  load=1.295s  pfba=0.964s
  [177/500] MGYG000001563
    10 media  mets=1079 rxns=1150 biomass=bio1 growth=0.4044..0.8578  load=1.066s  pfba=33.040s
  [178/500] MGYG000001586
    10 media  mets=1152 rxns=1273 biomass=bio1 growth=0.0000..2.1100  load=1.168s  pfba=28.713s
  [179/500] MGYG000001589
    10 media  mets=1312 rxns=1388 biomass=bio1 growth=0.7318..1.0489  load=1.206s  pfba=49.124s
  [180/500] MGYG000001601
    10 media  mets=1294 rxns=1411 biomass=bio1 growth=0.2567..0.6963  load=1.180s  pfba=50.794s
  [181/500] MGYG000001608
    10 media  mets=1326 rxns=1462 biomass=bio1 growth=0.0000..1.5925  load=1.324s  pfba=39.133s
  [182/500] MGYG000001626
    10 media  mets=1419 rxns=1518 biomass=bio1 growth=0.5621..0.9025  load=1.434s  pfba=56.581s
  [183/500] MGYG000001630
    10 media  mets=1235 rxns=1418 biomass=bio1 growth=0.8047..1.1105  load=1.123s  pfba=51.924s
  [184/500] MGYG000001637
    10 media  mets=1398 rxns=1587 biomass=bio1 growth=0.2176..0.2467  load=1.284s  pfba=62.278s
  [185/500] MGYG000001653
    10 media  mets=1110 rxns=1242 biomass=bio1 growth=0.0000..0.0000  load=1.192s  pfba=0.501s
  [186/500] MGYG000001657
    10 media  mets=1058 rxns=1175 biomass=bio1 growth=0.0000..0.0000  load=0.971s  pfba=0.470s
  [187/500] MGYG000001662
    10 media  mets=729 rxns=666 biomass=bio1 growth=0.0000..0.0000  load=0.570s  pfba=0.253s
  [188/500] MGYG000001669
    10 media  mets=816 rxns=844 biomass=bio1 growth=0.0000..1.0164  load=0.811s  pfba=16.492s
  [189/500] MGYG000001694
    10 media  mets=1559 rxns=1864 biomass=bio1 growth=0.7888..1.8815  load=1.595s  pfba=83.546s
  [190/500] MGYG000001695
    10 media  mets=1569 rxns=1747 biomass=bio1 growth=1.0308..1.8694  load=1.491s  pfba=72.890s
  [191/500] MGYG000001697
    10 media  mets=1318 rxns=1539 biomass=bio1 growth=1.0369..2.5366  load=1.250s  pfba=59.356s
  [192/500] MGYG000001698
    10 media  mets=1354 rxns=1601 biomass=bio1 growth=0.0000..2.4844  load=1.292s  pfba=36.996s
  [193/500] MGYG000001700
    TIMEOUT (>120s) — skipped
  [194/500] MGYG000001707
    10 media  mets=1434 rxns=1605 biomass=bio1 growth=0.0000..1.7288  load=1.379s  pfba=43.657s
  [195/500] MGYG000001725
    10 media  mets=1343 rxns=1500 biomass=bio1 growth=0.0000..1.4451  load=1.257s  pfba=38.521s
  [196/500] MGYG000001745
    10 media  mets=1428 rxns=1579 biomass=bio1 growth=0.0000..1.4559  load=1.263s  pfba=42.132s
  [197/500] MGYG000001749
    10 media  mets=1408 rxns=1570 biomass=bio1 growth=0.0000..2.1703  load=1.383s  pfba=36.110s
  [198/500] MGYG000001757
    10 media  mets=1155 rxns=1232 biomass=bio1 growth=0.0000..1.0372  load=1.137s  pfba=23.791s
  [199/500] MGYG000001760
    10 media  mets=1281 rxns=1399 biomass=bio1 growth=0.0000..1.0208  load=1.134s  pfba=34.642s
  [200/500] MGYG000001762
    10 media  mets=1369 rxns=1433 biomass=bio1 growth=0.4029..0.7239  load=1.233s  pfba=52.746s
  [201/500] MGYG000001767
    10 media  mets=1045 rxns=1145 biomass=bio1 growth=0.0000..1.1848  load=0.888s  pfba=23.312s
  [202/500] MGYG000001786
    10 media  mets=535 rxns=508 biomass=bio1 growth=0.0000..0.0000  load=0.360s  pfba=0.172s
  [203/500] MGYG000001795
    10 media  mets=1223 rxns=1376 biomass=bio1 growth=0.0000..0.8316  load=1.141s  pfba=44.520s
  [204/500] MGYG000001804
    10 media  mets=1231 rxns=1322 biomass=bio1 growth=0.0000..0.0000  load=1.148s  pfba=0.625s
  [205/500] MGYG000001821
    10 media  mets=1101 rxns=1228 biomass=bio1 growth=0.0000..2.4132  load=1.082s  pfba=34.449s
  [206/500] MGYG000001826
    10 media  mets=1089 rxns=1179 biomass=bio1 growth=0.0000..0.8921  load=0.979s  pfba=14.225s
  [207/500] MGYG000001827
    10 media  mets=1052 rxns=1059 biomass=bio1 growth=0.7256..1.6104  load=1.042s  pfba=29.039s
  [208/500] MGYG000001834
    10 media  mets=586 rxns=558 biomass=bio1 growth=0.0000..0.0000  load=0.406s  pfba=0.174s
  [209/500] MGYG000001846
    10 media  mets=894 rxns=959 biomass=bio1 growth=0.0000..0.0000  load=0.752s  pfba=0.368s
  [210/500] MGYG000001871
    10 media  mets=1325 rxns=1486 biomass=bio1 growth=0.0000..0.0000  load=1.246s  pfba=0.930s
  [211/500] MGYG000001878
    10 media  mets=1507 rxns=1707 biomass=bio1 growth=0.8120..1.6103  load=1.422s  pfba=68.956s
  [212/500] MGYG000001890
    10 media  mets=1434 rxns=1636 biomass=bio1 growth=0.3275..1.1037  load=1.371s  pfba=63.787s
  [213/500] MGYG000001896
    10 media  mets=1019 rxns=1125 biomass=bio1 growth=0.0000..0.0000  load=0.894s  pfba=0.408s
  [214/500] MGYG000001898
    10 media  mets=1366 rxns=1547 biomass=bio1 growth=0.0000..2.2806  load=1.376s  pfba=24.064s
  [215/500] MGYG000001917
    10 media  mets=660 rxns=631 biomass=bio1 growth=0.0000..0.0000  load=0.582s  pfba=0.186s
  [216/500] MGYG000001926
    10 media  mets=637 rxns=616 biomass=bio1 growth=0.0000..0.0000  load=0.465s  pfba=0.197s
  [217/500] MGYG000001930
    10 media  mets=889 rxns=995 biomass=bio1 growth=0.0000..0.9944  load=0.784s  pfba=23.244s
  [218/500] MGYG000001934
    10 media  mets=980 rxns=1064 biomass=bio1 growth=0.0000..1.9519  load=0.852s  pfba=20.057s
  [219/500] MGYG000001971
    10 media  mets=1520 rxns=1753 biomass=bio1 growth=0.7791..1.8490  load=1.596s  pfba=73.991s
  [220/500] MGYG000001972
    10 media  mets=1288 rxns=1540 biomass=bio1 growth=0.4438..1.2072  load=1.402s  pfba=57.514s
  [221/500] MGYG000001988
    10 media  mets=1281 rxns=1561 biomass=bio1 growth=0.0000..2.2093  load=1.298s  pfba=35.340s
  [222/500] MGYG000001995
    10 media  mets=1531 rxns=1808 biomass=bio1 growth=0.0000..2.2761  load=1.593s  pfba=55.770s
  [223/500] MGYG000002025
    10 media  mets=1265 rxns=1472 biomass=bio1 growth=0.0000..1.1664  load=1.207s  pfba=36.428s
  [224/500] MGYG000002040
    10 media  mets=1304 rxns=1460 biomass=bio1 growth=0.4167..0.9105  load=1.288s  pfba=51.320s
  [225/500] MGYG000002044
    10 media  mets=1149 rxns=1233 biomass=bio1 growth=0.0000..0.1698  load=1.155s  pfba=15.367s
  [226/500] MGYG000002054
    10 media  mets=1157 rxns=1263 biomass=bio1 growth=0.4047..1.2028  load=1.011s  pfba=39.463s
  [227/500] MGYG000002058
    10 media  mets=1158 rxns=1283 biomass=bio1 growth=0.5717..1.5861  load=1.049s  pfba=40.808s
  [228/500] MGYG000002099
    10 media  mets=1356 rxns=1525 biomass=bio1 growth=0.0000..2.4465  load=1.365s  pfba=39.253s
  [229/500] MGYG000002110
    10 media  mets=1188 rxns=1313 biomass=bio1 growth=0.8057..2.0806  load=1.130s  pfba=41.485s
  [230/500] MGYG000002129
    10 media  mets=1036 rxns=1079 biomass=bio1 growth=0.0000..1.2265  load=0.978s  pfba=17.628s
  [231/500] MGYG000002131
    10 media  mets=1253 rxns=1402 biomass=bio1 growth=0.1395..1.0415  load=1.087s  pfba=49.265s
  [232/500] MGYG000002133
    10 media  mets=1381 rxns=1581 biomass=bio1 growth=0.4406..1.3405  load=1.261s  pfba=62.361s
  [233/500] MGYG000002139
    10 media  mets=825 rxns=765 biomass=bio1 growth=0.0000..0.1939  load=0.610s  pfba=14.560s
  [234/500] MGYG000002146
    10 media  mets=1156 rxns=1260 biomass=bio1 growth=0.0000..0.6943  load=1.169s  pfba=35.046s
  [235/500] MGYG000002154
    10 media  mets=1167 rxns=1282 biomass=bio1 growth=0.4124..1.3337  load=1.320s  pfba=40.327s
  [236/500] MGYG000002159
    10 media  mets=1230 rxns=1381 biomass=bio1 growth=0.2779..1.3498  load=1.113s  pfba=46.489s
  [237/500] MGYG000002162
    10 media  mets=933 rxns=940 biomass=bio1 growth=0.1320..0.1320  load=0.737s  pfba=23.454s
  [238/500] MGYG000002166
    10 media  mets=649 rxns=604 biomass=bio1 growth=0.0000..0.0000  load=0.452s  pfba=0.262s
  [239/500] MGYG000002173
    10 media  mets=1026 rxns=1065 biomass=bio1 growth=0.0000..0.9944  load=0.840s  pfba=24.858s
  [240/500] MGYG000002187
    10 media  mets=1166 rxns=1324 biomass=bio1 growth=0.7307..2.0761  load=1.057s  pfba=44.085s
  [241/500] MGYG000002197
    10 media  mets=931 rxns=986 biomass=bio1 growth=0.1444..0.3022  load=0.837s  pfba=24.831s
  [242/500] MGYG000002227
    10 media  mets=1246 rxns=1375 biomass=bio1 growth=0.0000..1.6118  load=1.208s  pfba=43.285s
  [243/500] MGYG000002244
    10 media  mets=675 rxns=638 biomass=bio1 growth=0.0000..0.0000  load=0.589s  pfba=0.275s
  [244/500] MGYG000002248
    10 media  mets=603 rxns=551 biomass=bio1 growth=0.0000..0.0599  load=0.419s  pfba=8.246s
  [245/500] MGYG000002258
    10 media  mets=1191 rxns=1286 biomass=bio1 growth=0.0000..0.8688  load=1.122s  pfba=36.723s
  [246/500] MGYG000002278
    10 media  mets=1561 rxns=1815 biomass=bio1 growth=1.2972..2.9760  load=1.614s  pfba=79.585s
  [247/500] MGYG000002298
    10 media  mets=1471 rxns=1730 biomass=bio1 growth=1.0039..2.5964  load=1.529s  pfba=74.709s
  [248/500] MGYG000002308
    10 media  mets=1223 rxns=1296 biomass=bio1 growth=0.1995..0.2572  load=1.146s  pfba=42.801s
  [249/500] MGYG000002309
    10 media  mets=1716 rxns=2014 biomass=bio1 growth=0.0000..0.0000  load=1.823s  pfba=1.431s
  [250/500] MGYG000002321
    10 media  mets=1343 rxns=1501 biomass=bio1 growth=0.0000..1.8954  load=1.311s  pfba=33.968s
  [251/500] MGYG000002322
    TIMEOUT (>120s) — skipped
  [252/500] MGYG000002333
    10 media  mets=1218 rxns=1332 biomass=bio1 growth=0.2826..0.2826  load=1.092s  pfba=44.738s
  [253/500] MGYG000002335
    10 media  mets=2155 rxns=2649 biomass=bio1 growth=1.5751..3.1958  load=2.453s  pfba=165.521s
  [254/500] MGYG000002337
    10 media  mets=1818 rxns=2218 biomass=bio1 growth=1.2576..2.6896  load=1.978s  pfba=112.790s
  [255/500] MGYG000002340
    10 media  mets=1547 rxns=1737 biomass=bio1 growth=0.6560..1.6499  load=1.618s  pfba=74.305s
  [256/500] MGYG000002341
    10 media  mets=1829 rxns=2050 biomass=bio1 growth=0.5254..0.6396  load=1.839s  pfba=100.162s
  [257/500] MGYG000002346
    10 media  mets=2033 rxns=2281 biomass=bio1 growth=0.5640..0.7816  load=2.012s  pfba=124.536s
  [258/500] MGYG000002353
    10 media  mets=1416 rxns=1759 biomass=bio1 growth=0.9336..2.3041  load=1.542s  pfba=74.993s
  [259/500] MGYG000002364
    10 media  mets=1343 rxns=1439 biomass=bio1 growth=0.2001..0.3275  load=1.179s  pfba=51.250s
  [260/500] MGYG000002383
    10 media  mets=1528 rxns=1844 biomass=bio1 growth=0.8745..2.2964  load=1.649s  pfba=80.957s
  [261/500] MGYG000002385
    10 media  mets=2051 rxns=2431 biomass=bio1 growth=1.4228..2.2761  load=2.220s  pfba=137.704s
  [262/500] MGYG000002387
    10 media  mets=1191 rxns=1387 biomass=bio1 growth=0.3875..1.1023  load=1.222s  pfba=44.976s
  [263/500] MGYG000002389
    10 media  mets=1385 rxns=1663 biomass=bio1 growth=0.6712..1.5782  load=1.439s  pfba=66.806s
  [264/500] MGYG000002395
    10 media  mets=1233 rxns=1517 biomass=bio1 growth=0.0000..1.5598  load=1.220s  pfba=37.470s
  [265/500] MGYG000002399
    10 media  mets=1705 rxns=2049 biomass=bio1 growth=1.1070..2.5527  load=1.697s  pfba=97.707s
  [266/500] MGYG000002406
    10 media  mets=1656 rxns=1954 biomass=bio1 growth=0.3781..1.3568  load=1.632s  pfba=87.992s
  [267/500] MGYG000002420
    10 media  mets=1403 rxns=1575 biomass=bio1 growth=0.3938..1.1271  load=1.285s  pfba=59.584s
  [268/500] MGYG000002423
    10 media  mets=2255 rxns=2751 biomass=bio1 growth=1.1235..2.8876  load=2.457s  pfba=172.165s
  [269/500] MGYG000002426
    10 media  mets=1280 rxns=1362 biomass=bio1 growth=0.2874..0.4354  load=1.184s  pfba=47.074s
  [270/500] MGYG000002431
    10 media  mets=1285 rxns=1374 biomass=bio1 growth=0.2874..0.4354  load=1.231s  pfba=47.540s
  [271/500] MGYG000002435
    10 media  mets=1265 rxns=1369 biomass=bio1 growth=0.2680..0.4053  load=1.121s  pfba=47.822s
  [272/500] MGYG000002447
    10 media  mets=1319 rxns=1385 biomass=bio1 growth=0.2293..0.3248  load=1.255s  pfba=47.831s
  [273/500] MGYG000002448
    10 media  mets=1379 rxns=1488 biomass=bio1 growth=0.0000..0.6749  load=1.321s  pfba=32.761s
  [274/500] MGYG000002456
    10 media  mets=821 rxns=787 biomass=bio1 growth=0.0000..0.0000  load=0.612s  pfba=0.349s
  [275/500] MGYG000002461
    10 media  mets=2187 rxns=2689 biomass=bio1 growth=1.6358..3.1958  load=2.406s  pfba=168.201s
  [276/500] MGYG000002463
    10 media  mets=2307 rxns=2788 biomass=bio1 growth=1.1611..2.2108  load=2.584s  pfba=181.369s
  [277/500] MGYG000002475
    10 media  mets=1673 rxns=1947 biomass=bio1 growth=0.0000..2.2285  load=1.692s  pfba=64.798s
  [278/500] MGYG000002476
    10 media  mets=2163 rxns=2648 biomass=bio1 growth=1.3856..2.9443  load=2.408s  pfba=162.915s
  [279/500] MGYG000002479
    10 media  mets=1256 rxns=1333 biomass=bio1 growth=0.2261..0.2261  load=1.245s  pfba=45.100s
  [280/500] MGYG000002480
    10 media  mets=1199 rxns=1243 biomass=bio1 growth=0.0000..0.5179  load=0.999s  pfba=19.739s
  [281/500] MGYG000002482
    10 media  mets=1112 rxns=1230 biomass=bio1 growth=0.1202..0.7696  load=1.101s  pfba=38.684s
  [282/500] MGYG000002489
    10 media  mets=1519 rxns=1651 biomass=bio1 growth=0.2278..0.3702  load=1.433s  pfba=66.740s
  [283/500] MGYG000002505
    10 media  mets=1542 rxns=1662 biomass=bio1 growth=0.2198..0.6937  load=1.467s  pfba=67.415s
  [284/500] MGYG000002506
    10 media  mets=2344 rxns=2930 biomass=bio1 growth=1.7886..3.7097  load=2.646s  pfba=203.287s
  [285/500] MGYG000002507
    10 media  mets=2237 rxns=2777 biomass=bio1 growth=1.7405..3.5056  load=2.343s  pfba=182.887s
  [286/500] MGYG000002516
    10 media  mets=2073 rxns=2534 biomass=bio1 growth=1.3407..2.2761  load=2.138s  pfba=144.895s
  [287/500] MGYG000002517
    10 media  mets=1501 rxns=1740 biomass=bio1 growth=0.0000..2.1765  load=1.410s  pfba=50.641s
  [288/500] MGYG000002526
    10 media  mets=1963 rxns=2464 biomass=bio1 growth=1.3598..3.2265  load=2.348s  pfba=142.110s
  [289/500] MGYG000002530
    10 media  mets=1207 rxns=1352 biomass=bio1 growth=0.0000..2.0030  load=1.076s  pfba=39.953s
  [290/500] MGYG000002532
    10 media  mets=1886 rxns=2279 biomass=bio1 growth=1.2465..2.6944  load=1.903s  pfba=121.668s
  [291/500] MGYG000002535
    10 media  mets=2354 rxns=2900 biomass=bio1 growth=1.8566..3.8595  load=2.664s  pfba=194.831s
  [292/500] MGYG000002542
    10 media  mets=1525 rxns=1823 biomass=bio1 growth=0.4711..1.3063  load=1.588s  pfba=77.963s
  [293/500] MGYG000002544
    10 media  mets=1424 rxns=1507 biomass=bio1 growth=0.0000..0.9196  load=1.339s  pfba=49.586s
  [294/500] MGYG000002558
    10 media  mets=1461 rxns=1636 biomass=bio1 growth=0.2971..1.1002  load=1.297s  pfba=62.641s
  [295/500] MGYG000002581
    10 media  mets=892 rxns=847 biomass=bio1 growth=0.0000..0.0000  load=0.675s  pfba=0.287s
  [296/500] MGYG000002584
    10 media  mets=1313 rxns=1466 biomass=bio1 growth=0.3667..0.9470  load=1.166s  pfba=53.342s
  [297/500] MGYG000002591
    10 media  mets=1274 rxns=1327 biomass=bio1 growth=0.1979..0.2678  load=1.067s  pfba=43.167s
  [298/500] MGYG000002623
    10 media  mets=1425 rxns=1649 biomass=bio1 growth=0.4891..1.5302  load=1.431s  pfba=65.562s
  [299/500] MGYG000002634
    10 media  mets=1527 rxns=1822 biomass=bio1 growth=1.0488..2.0492  load=1.491s  pfba=79.754s
  [300/500] MGYG000002648
    10 media  mets=1106 rxns=1189 biomass=bio1 growth=0.2085..0.7818  load=0.983s  pfba=35.252s
  [301/500] MGYG000002653
    10 media  mets=1354 rxns=1565 biomass=bio1 growth=0.4085..1.5230  load=1.429s  pfba=57.675s
  [302/500] MGYG000002664
    10 media  mets=1127 rxns=1176 biomass=bio1 growth=0.3006..0.4920  load=0.958s  pfba=34.894s
  [303/500] MGYG000002689
    10 media  mets=986 rxns=995 biomass=bio1 growth=0.0000..0.0000  load=0.816s  pfba=0.335s
  [304/500] MGYG000002715
    10 media  mets=1167 rxns=1248 biomass=bio1 growth=0.0000..0.0000  load=1.007s  pfba=0.567s
  [305/500] MGYG000002722
    10 media  mets=1216 rxns=1324 biomass=bio1 growth=0.4644..0.7162  load=1.168s  pfba=44.722s
  [306/500] MGYG000002723
    10 media  mets=1065 rxns=1117 biomass=bio1 growth=0.0000..0.7173  load=0.878s  pfba=12.585s
  [307/500] MGYG000002734
    10 media  mets=1121 rxns=1257 biomass=bio1 growth=0.7924..1.9463  load=1.010s  pfba=39.481s
  [308/500] MGYG000002741
    10 media  mets=1030 rxns=1155 biomass=bio1 growth=0.8072..2.0533  load=0.890s  pfba=33.673s
  [309/500] MGYG000002747
    10 media  mets=1135 rxns=1274 biomass=bio1 growth=0.7200..2.0536  load=1.017s  pfba=40.558s
  [310/500] MGYG000002748
    10 media  mets=1165 rxns=1233 biomass=bio1 growth=0.1796..0.7647  load=0.988s  pfba=37.336s
  [311/500] MGYG000002754
    10 media  mets=1159 rxns=1290 biomass=bio1 growth=0.7274..2.0873  load=1.075s  pfba=42.567s
  [312/500] MGYG000002755
    10 media  mets=1145 rxns=1247 biomass=bio1 growth=0.7486..1.8203  load=1.102s  pfba=38.610s
  [313/500] MGYG000002770
    10 media  mets=1333 rxns=1495 biomass=bio1 growth=0.6948..1.8466  load=1.201s  pfba=55.088s
  [314/500] MGYG000002782
    10 media  mets=1229 rxns=1321 biomass=bio1 growth=0.5589..1.3441  load=1.085s  pfba=42.574s
  [315/500] MGYG000002783
    10 media  mets=1192 rxns=1294 biomass=bio1 growth=0.0000..0.1311  load=1.137s  pfba=30.266s
  [316/500] MGYG000002798
    10 media  mets=922 rxns=863 biomass=bio1 growth=0.0000..0.0000  load=0.851s  pfba=0.285s
  [317/500] MGYG000002803
    10 media  mets=1131 rxns=1199 biomass=bio1 growth=0.0000..0.0000  load=0.953s  pfba=0.494s
  [318/500] MGYG000002831
    10 media  mets=1035 rxns=1119 biomass=bio1 growth=0.0000..0.9944  load=0.880s  pfba=27.537s
  [319/500] MGYG000002840
    10 media  mets=1189 rxns=1321 biomass=bio1 growth=0.3366..0.3366  load=1.068s  pfba=42.729s
  [320/500] MGYG000002848
    10 media  mets=1064 rxns=1212 biomass=bio1 growth=0.0000..1.1217  load=1.031s  pfba=33.704s
  [321/500] MGYG000002852
    10 media  mets=1137 rxns=1284 biomass=bio1 growth=0.0000..0.0000  load=1.120s  pfba=0.673s
  [322/500] MGYG000002858
    10 media  mets=1183 rxns=1290 biomass=bio1 growth=0.7045..2.2438  load=1.142s  pfba=40.684s
  [323/500] MGYG000002870
    10 media  mets=727 rxns=665 biomass=bio1 growth=0.0000..0.0000  load=0.517s  pfba=0.185s
  [324/500] MGYG000002875
    10 media  mets=1142 rxns=1251 biomass=bio1 growth=0.0000..0.7311  load=0.993s  pfba=23.734s
  [325/500] MGYG000002883
    10 media  mets=1126 rxns=1183 biomass=bio1 growth=0.0000..0.0481  load=1.025s  pfba=32.880s
  [326/500] MGYG000002884
    10 media  mets=1214 rxns=1310 biomass=bio1 growth=0.0000..1.1794  load=1.060s  pfba=29.929s
  [327/500] MGYG000002888
    10 media  mets=1695 rxns=1969 biomass=bio1 growth=0.8650..1.6970  load=1.633s  pfba=90.050s
  [328/500] MGYG000002898
    10 media  mets=1534 rxns=1873 biomass=bio1 growth=1.0185..2.1092  load=1.602s  pfba=84.394s
  [329/500] MGYG000002903
    10 media  mets=1219 rxns=1223 biomass=bio1 growth=0.0367..0.2043  load=1.002s  pfba=38.287s
  [330/500] MGYG000002918
    10 media  mets=1135 rxns=1279 biomass=bio1 growth=0.7307..2.0761  load=1.212s  pfba=40.770s
  [331/500] MGYG000002926
    10 media  mets=1048 rxns=1146 biomass=bio1 growth=0.0000..0.0000  load=0.918s  pfba=0.616s
  [332/500] MGYG000002959
    10 media  mets=1102 rxns=1212 biomass=bio1 growth=0.3476..0.4999  load=0.976s  pfba=37.026s
  [333/500] MGYG000002969
    10 media  mets=1338 rxns=1407 biomass=bio1 growth=0.0750..0.4915  load=1.155s  pfba=48.736s
  [334/500] MGYG000002986
    10 media  mets=1269 rxns=1406 biomass=bio1 growth=0.7924..1.1245  load=1.219s  pfba=50.065s
  [335/500] MGYG000003012
    10 media  mets=1406 rxns=1610 biomass=bio1 growth=0.0000..0.0000  load=1.314s  pfba=0.941s
  [336/500] MGYG000003022
    10 media  mets=1193 rxns=1277 biomass=bio1 growth=0.2408..0.3447  load=1.209s  pfba=40.288s
  [337/500] MGYG000003046
    10 media  mets=1162 rxns=1315 biomass=bio1 growth=0.7544..2.1540  load=1.059s  pfba=43.159s
  [338/500] MGYG000003058
    10 media  mets=935 rxns=915 biomass=bio1 growth=0.0000..0.0000  load=0.734s  pfba=0.321s
  [339/500] MGYG000003065
    10 media  mets=1400 rxns=1642 biomass=bio1 growth=0.7440..1.9688  load=1.322s  pfba=64.172s
  [340/500] MGYG000003125
    10 media  mets=1622 rxns=1897 biomass=bio1 growth=0.4964..1.5974  load=1.587s  pfba=83.074s
  [341/500] MGYG000003135
    10 media  mets=1414 rxns=1636 biomass=bio1 growth=0.0000..1.5388  load=1.297s  pfba=44.740s
  [342/500] MGYG000003138
    10 media  mets=1374 rxns=1610 biomass=bio1 growth=0.0000..0.0000  load=1.545s  pfba=0.897s
  [343/500] MGYG000003180
    10 media  mets=1149 rxns=1278 biomass=bio1 growth=0.7012..2.0291  load=1.018s  pfba=40.004s
  [344/500] MGYG000003188
    10 media  mets=1366 rxns=1491 biomass=bio1 growth=0.3752..0.5253  load=1.234s  pfba=56.091s
  [345/500] MGYG000003197
    10 media  mets=1177 rxns=1309 biomass=bio1 growth=0.2888..0.5779  load=1.065s  pfba=41.104s
  [346/500] MGYG000003217
    10 media  mets=968 rxns=981 biomass=bio1 growth=0.2528..0.5527  load=0.915s  pfba=24.529s
  [347/500] MGYG000003218
    10 media  mets=996 rxns=1000 biomass=bio1 growth=0.0000..0.0000  load=0.808s  pfba=0.493s
  [348/500] MGYG000003222
    10 media  mets=583 rxns=538 biomass=bio1 growth=0.0000..0.2877  load=0.396s  pfba=7.704s
  [349/500] MGYG000003226
    10 media  mets=1037 rxns=1134 biomass=bio1 growth=0.0000..0.7588  load=0.912s  pfba=22.814s
  [350/500] MGYG000003243
    10 media  mets=1080 rxns=1170 biomass=bio1 growth=0.0000..0.9762  load=0.915s  pfba=30.875s
  [351/500] MGYG000003309
    10 media  mets=1199 rxns=1258 biomass=bio1 growth=0.0000..0.0000  load=1.119s  pfba=0.503s
  [352/500] MGYG000003312
    10 media  mets=1521 rxns=1813 biomass=bio1 growth=0.0000..2.2761  load=1.541s  pfba=47.229s
  [353/500] MGYG000003339
    10 media  mets=1144 rxns=1283 biomass=bio1 growth=0.4035..1.2652  load=1.001s  pfba=40.671s
  [354/500] MGYG000003343
    10 media  mets=1434 rxns=1625 biomass=bio1 growth=0.0000..0.8322  load=1.410s  pfba=37.522s
  [355/500] MGYG000003344
    10 media  mets=1311 rxns=1405 biomass=bio1 growth=0.1187..0.2582  load=1.276s  pfba=48.232s
  [356/500] MGYG000003355
    10 media  mets=1623 rxns=1862 biomass=bio1 growth=0.9758..3.0906  load=1.534s  pfba=83.935s
  [357/500] MGYG000003358
    TIMEOUT (>120s) — skipped
  [358/500] MGYG000003360
    10 media  mets=2243 rxns=2805 biomass=bio1 growth=1.4767..3.3824  load=2.529s  pfba=181.876s
  [359/500] MGYG000003366
    10 media  mets=1315 rxns=1478 biomass=bio1 growth=0.0000..1.4546  load=1.308s  pfba=36.740s
  [360/500] MGYG000003368
    10 media  mets=1035 rxns=1151 biomass=bio1 growth=0.3179..0.4922  load=0.969s  pfba=32.350s
  [361/500] MGYG000003370
    10 media  mets=1458 rxns=1711 biomass=bio1 growth=0.4968..1.2120  load=1.476s  pfba=67.639s
  [362/500] MGYG000003383
    10 media  mets=1296 rxns=1575 biomass=bio1 growth=0.0000..2.0021  load=1.279s  pfba=40.842s
  [363/500] MGYG000003391
    10 media  mets=1221 rxns=1338 biomass=bio1 growth=0.8377..1.2537  load=1.071s  pfba=44.437s
  [364/500] MGYG000003399
    10 media  mets=2249 rxns=2811 biomass=bio1 growth=1.1486..2.6968  load=2.563s  pfba=184.463s
  [365/500] MGYG000003409
    10 media  mets=1026 rxns=1203 biomass=bio1 growth=0.4134..2.0415  load=0.949s  pfba=36.040s
  [366/500] MGYG000003457
    10 media  mets=1068 rxns=1130 biomass=bio1 growth=0.0000..0.0000  load=1.027s  pfba=0.386s
  [367/500] MGYG000003476
    10 media  mets=847 rxns=851 biomass=bio1 growth=0.2430..0.7924  load=0.648s  pfba=18.256s
  [368/500] MGYG000003481
    10 media  mets=867 rxns=808 biomass=bio1 growth=0.0000..0.0000  load=0.631s  pfba=0.237s
  [369/500] MGYG000003496
    10 media  mets=1171 rxns=1225 biomass=bio1 growth=0.0000..0.8137  load=1.077s  pfba=26.730s
  [370/500] MGYG000003500
    10 media  mets=1331 rxns=1466 biomass=bio1 growth=0.0000..1.0478  load=1.180s  pfba=38.304s
  [371/500] MGYG000003529
    10 media  mets=1051 rxns=1142 biomass=bio1 growth=0.1928..0.2025  load=0.901s  pfba=30.729s
  [372/500] MGYG000003552
    10 media  mets=1370 rxns=1521 biomass=bio1 growth=0.0000..1.3737  load=1.256s  pfba=39.163s
  [373/500] MGYG000003567
    10 media  mets=1054 rxns=1179 biomass=bio1 growth=0.3816..0.8312  load=0.912s  pfba=34.081s
  [374/500] MGYG000003619
    10 media  mets=1331 rxns=1492 biomass=bio1 growth=0.0000..1.7513  load=1.238s  pfba=38.176s
  [375/500] MGYG000003662
    10 media  mets=1268 rxns=1451 biomass=bio1 growth=0.3489..0.9577  load=1.244s  pfba=50.565s
  [376/500] MGYG000003667
    10 media  mets=725 rxns=699 biomass=bio1 growth=0.0052..0.0838  load=0.531s  pfba=13.417s
  [377/500] MGYG000003669
    10 media  mets=754 rxns=750 biomass=bio1 growth=0.0000..0.3064  load=0.812s  pfba=13.768s
  [378/500] MGYG000003679
    10 media  mets=1052 rxns=1163 biomass=bio1 growth=0.0000..0.8451  load=0.929s  pfba=23.851s
  [379/500] MGYG000003685
    10 media  mets=1174 rxns=1321 biomass=bio1 growth=0.7954..2.3454  load=1.179s  pfba=44.362s
  [380/500] MGYG000003686
    10 media  mets=1209 rxns=1282 biomass=bio1 growth=0.0000..0.0000  load=1.058s  pfba=0.551s
  [381/500] MGYG000003687
    10 media  mets=1915 rxns=2293 biomass=bio1 growth=0.8332..2.2063  load=2.036s  pfba=125.637s
  [382/500] MGYG000003688
    10 media  mets=1184 rxns=1322 biomass=bio1 growth=0.4003..1.2555  load=1.058s  pfba=43.781s
  [383/500] MGYG000003696
    10 media  mets=1173 rxns=1321 biomass=bio1 growth=0.7950..2.1376  load=1.117s  pfba=43.346s
  [384/500] MGYG000003702
    10 media  mets=1339 rxns=1510 biomass=bio1 growth=0.0000..2.1459  load=1.273s  pfba=49.631s
  [385/500] MGYG000003703
    10 media  mets=1031 rxns=1180 biomass=bio1 growth=0.3995..1.2529  load=1.041s  pfba=34.153s
  [386/500] MGYG000003713
    10 media  mets=1237 rxns=1337 biomass=bio1 growth=0.3654..0.5178  load=1.109s  pfba=46.429s
  [387/500] MGYG000003739
    10 media  mets=1457 rxns=1748 biomass=bio1 growth=0.4901..1.1944  load=1.467s  pfba=74.202s
  [388/500] MGYG000003742
    10 media  mets=1235 rxns=1394 biomass=bio1 growth=0.0000..0.0000  load=1.229s  pfba=0.712s
  [389/500] MGYG000003773
    10 media  mets=1025 rxns=1160 biomass=bio1 growth=0.0000..2.0225  load=0.897s  pfba=23.476s
  [390/500] MGYG000003788
    10 media  mets=1045 rxns=1094 biomass=bio1 growth=0.4156..0.4882  load=0.882s  pfba=28.636s
  [391/500] MGYG000003802
    10 media  mets=1098 rxns=1106 biomass=bio1 growth=0.0000..0.0000  load=0.880s  pfba=0.539s
  [392/500] MGYG000003829
    10 media  mets=1201 rxns=1279 biomass=bio1 growth=0.0000..1.5470  load=1.051s  pfba=28.567s
  [393/500] MGYG000003836
    10 media  mets=1231 rxns=1278 biomass=bio1 growth=0.2151..0.3031  load=1.227s  pfba=40.503s
  [394/500] MGYG000003842
    10 media  mets=1218 rxns=1323 biomass=bio1 growth=0.0000..0.0000  load=1.051s  pfba=0.537s
  [395/500] MGYG000003852
    10 media  mets=1286 rxns=1354 biomass=bio1 growth=0.1932..0.3909  load=1.186s  pfba=45.433s
  [396/500] MGYG000003858
    10 media  mets=1251 rxns=1411 biomass=bio1 growth=0.0000..1.2580  load=1.303s  pfba=29.322s
  [397/500] MGYG000003859
    10 media  mets=973 rxns=982 biomass=bio1 growth=0.0984..0.5722  load=0.771s  pfba=25.110s
  [398/500] MGYG000003876
    10 media  mets=1441 rxns=1576 biomass=bio1 growth=1.3053..2.4227  load=1.401s  pfba=58.421s
  [399/500] MGYG000003878
    10 media  mets=1236 rxns=1402 biomass=bio1 growth=0.0000..0.0000  load=1.196s  pfba=0.682s
  [400/500] MGYG000003883
    10 media  mets=2232 rxns=2773 biomass=bio1 growth=0.0000..3.1958  load=2.714s  pfba=73.719s
  [401/500] MGYG000003899
    10 media  mets=1307 rxns=1463 biomass=bio1 growth=0.0000..0.0000  load=1.402s  pfba=0.730s
  [402/500] MGYG000003906
    10 media  mets=1161 rxns=1246 biomass=bio1 growth=0.3999..1.2497  load=0.994s  pfba=38.538s
  [403/500] MGYG000003937
    10 media  mets=1248 rxns=1428 biomass=bio1 growth=0.0000..0.0000  load=1.230s  pfba=0.814s
  [404/500] MGYG000003938
    10 media  mets=1072 rxns=1202 biomass=bio1 growth=0.2260..0.2260  load=1.069s  pfba=35.617s
  [405/500] MGYG000003957
    10 media  mets=1586 rxns=1866 biomass=bio1 growth=0.0000..3.2953  load=1.685s  pfba=60.231s
  [406/500] MGYG000003961
    10 media  mets=1045 rxns=1106 biomass=bio1 growth=0.0000..0.0000  load=0.875s  pfba=0.468s
  [407/500] MGYG000004022
    10 media  mets=1208 rxns=1356 biomass=bio1 growth=0.0000..2.0720  load=1.119s  pfba=28.264s
  [408/500] MGYG000004029
    10 media  mets=961 rxns=997 biomass=bio1 growth=0.0000..2.2793  load=0.905s  pfba=21.948s
  [409/500] MGYG000004033
    10 media  mets=1104 rxns=1164 biomass=bio1 growth=0.0000..1.0048  load=0.920s  pfba=31.571s
  [410/500] MGYG000004038
    10 media  mets=658 rxns=625 biomass=bio1 growth=0.0000..0.0000  load=0.471s  pfba=0.188s
  [411/500] MGYG000004071
    10 media  mets=1178 rxns=1336 biomass=bio1 growth=0.0000..1.3263  load=1.170s  pfba=29.928s
  [412/500] MGYG000004078
    10 media  mets=945 rxns=882 biomass=bio1 growth=0.0000..0.0000  load=0.735s  pfba=0.307s
  [413/500] MGYG000004090
    10 media  mets=1212 rxns=1357 biomass=bio1 growth=0.2932..0.6839  load=1.090s  pfba=45.997s
  [414/500] MGYG000004093
    10 media  mets=1327 rxns=1411 biomass=bio1 growth=0.0000..0.4411  load=1.160s  pfba=44.706s
  [415/500] MGYG000004097
    10 media  mets=1211 rxns=1352 biomass=bio1 growth=0.7218..2.0401  load=1.088s  pfba=46.307s
  [416/500] MGYG000004103
    10 media  mets=861 rxns=813 biomass=bio1 growth=0.0000..0.0000  load=0.695s  pfba=0.357s
  [417/500] MGYG000004115
    10 media  mets=1180 rxns=1216 biomass=bio1 growth=0.0000..0.4165  load=1.015s  pfba=35.344s
  [418/500] MGYG000004133
    10 media  mets=1272 rxns=1373 biomass=bio1 growth=0.0000..1.5590  load=1.138s  pfba=28.159s
  [419/500] MGYG000004134
    10 media  mets=1169 rxns=1245 biomass=bio1 growth=0.0000..0.2496  load=1.005s  pfba=36.382s
  [420/500] MGYG000004137
    10 media  mets=1165 rxns=1244 biomass=bio1 growth=0.0000..0.8277  load=1.068s  pfba=33.429s
  [421/500] MGYG000004138
    10 media  mets=1153 rxns=1163 biomass=bio1 growth=0.0000..0.0000  load=0.959s  pfba=0.444s
  [422/500] MGYG000004142
    10 media  mets=1288 rxns=1387 biomass=bio1 growth=0.3820..0.6749  load=1.158s  pfba=47.675s
  [423/500] MGYG000004153
    10 media  mets=1258 rxns=1378 biomass=bio1 growth=0.0000..1.0208  load=1.261s  pfba=32.733s
  [424/500] MGYG000004165
    10 media  mets=1090 rxns=1201 biomass=bio1 growth=0.0000..0.3034  load=0.987s  pfba=21.679s
  [425/500] MGYG000004175
    10 media  mets=710 rxns=669 biomass=bio1 growth=0.0000..0.0000  load=0.589s  pfba=0.193s
  [426/500] MGYG000004192
    10 media  mets=800 rxns=760 biomass=bio1 growth=0.0000..0.0000  load=0.591s  pfba=0.231s
  [427/500] MGYG000004208
    10 media  mets=1209 rxns=1384 biomass=bio1 growth=0.0000..0.5111  load=1.096s  pfba=28.914s
  [428/500] MGYG000004216
    10 media  mets=693 rxns=665 biomass=bio1 growth=0.0000..0.0834  load=0.501s  pfba=11.393s
  [429/500] MGYG000004219
    10 media  mets=1238 rxns=1379 biomass=bio1 growth=0.0000..0.0000  load=1.141s  pfba=0.733s
  [430/500] MGYG000004221
    10 media  mets=869 rxns=969 biomass=bio1 growth=0.2622..1.0208  load=0.881s  pfba=24.156s
  [431/500] MGYG000004222
    10 media  mets=905 rxns=850 biomass=bio1 growth=0.0000..0.0000  load=0.686s  pfba=0.280s
  [432/500] MGYG000004223
    10 media  mets=1185 rxns=1277 biomass=bio1 growth=0.0000..1.8051  load=1.112s  pfba=27.753s
  [433/500] MGYG000004232
    10 media  mets=1257 rxns=1431 biomass=bio1 growth=1.3339..2.6529  load=1.160s  pfba=50.867s
  [434/500] MGYG000004253
    10 media  mets=1260 rxns=1375 biomass=bio1 growth=0.5589..0.9052  load=1.145s  pfba=47.072s
  [435/500] MGYG000004255
    10 media  mets=1102 rxns=1210 biomass=bio1 growth=0.3143..0.8790  load=1.082s  pfba=36.853s
  [436/500] MGYG000004258
    10 media  mets=1134 rxns=1251 biomass=bio1 growth=0.4038..1.2945  load=1.031s  pfba=38.705s
  [437/500] MGYG000004271
    10 media  mets=1550 rxns=1794 biomass=bio1 growth=0.0000..2.1970  load=1.566s  pfba=54.716s
  [438/500] MGYG000004274
    10 media  mets=1157 rxns=1300 biomass=bio1 growth=0.5636..1.6086  load=1.089s  pfba=42.136s
  [439/500] MGYG000004284
    10 media  mets=1192 rxns=1327 biomass=bio1 growth=0.3516..1.1885  load=1.192s  pfba=43.417s
  [440/500] MGYG000004289
    10 media  mets=1310 rxns=1383 biomass=bio1 growth=0.0000..0.6358  load=1.148s  pfba=42.522s
  [441/500] MGYG000004295
    TIMEOUT (>120s) — skipped
  [442/500] MGYG000004298
    10 media  mets=1180 rxns=1297 biomass=bio1 growth=0.3500..1.1463  load=1.188s  pfba=41.861s
  [443/500] MGYG000004308
    10 media  mets=1102 rxns=1178 biomass=bio1 growth=0.0000..0.0000  load=0.956s  pfba=0.598s
  [444/500] MGYG000004323
    10 media  mets=1274 rxns=1406 biomass=bio1 growth=0.0000..2.1829  load=1.142s  pfba=29.223s
  [445/500] MGYG000004337
    10 media  mets=1327 rxns=1398 biomass=bio1 growth=0.4180..0.6836  load=1.167s  pfba=51.172s
  [446/500] MGYG000004370
    10 media  mets=1134 rxns=1198 biomass=bio1 growth=0.0000..0.0000  load=0.991s  pfba=0.490s
  [447/500] MGYG000004380
    10 media  mets=1388 rxns=1526 biomass=bio1 growth=0.0000..1.3932  load=1.285s  pfba=41.146s
  [448/500] MGYG000004382
    10 media  mets=1348 rxns=1473 biomass=bio1 growth=0.0000..1.2248  load=1.336s  pfba=39.945s
  [449/500] MGYG000004393
    10 media  mets=648 rxns=633 biomass=bio1 growth=0.0000..0.0000  load=0.581s  pfba=0.201s
  [450/500] MGYG000004425
    10 media  mets=874 rxns=960 biomass=bio1 growth=0.0000..1.1863  load=0.873s  pfba=16.793s
  [451/500] MGYG000004435
    10 media  mets=840 rxns=876 biomass=bio1 growth=0.0000..0.0476  load=0.693s  pfba=14.589s
  [452/500] MGYG000004456
    10 media  mets=1360 rxns=1612 biomass=bio1 growth=0.0000..1.7132  load=1.312s  pfba=44.391s
  [453/500] MGYG000004476
    10 media  mets=1005 rxns=1057 biomass=bio1 growth=0.0000..1.5655  load=0.863s  pfba=26.617s
  [454/500] MGYG000004478
    10 media  mets=1162 rxns=1252 biomass=bio1 growth=0.2784..1.0439  load=1.150s  pfba=39.455s
  [455/500] MGYG000004487
    10 media  mets=1133 rxns=1250 biomass=bio1 growth=0.0000..0.0000  load=1.253s  pfba=0.710s
  [456/500] MGYG000004490
    10 media  mets=1337 rxns=1532 biomass=bio1 growth=0.2566..1.0758  load=1.390s  pfba=58.668s
  [457/500] MGYG000004495
    10 media  mets=1441 rxns=1693 biomass=bio1 growth=0.0000..1.3988  load=1.382s  pfba=30.042s
  [458/500] MGYG000004498
    10 media  mets=821 rxns=866 biomass=bio1 growth=0.0425..0.2201  load=0.679s  pfba=20.280s
  [459/500] MGYG000004501
    10 media  mets=1161 rxns=1280 biomass=bio1 growth=0.0000..0.5946  load=1.069s  pfba=29.691s
  [460/500] MGYG000004509
    10 media  mets=789 rxns=743 biomass=bio1 growth=0.0000..0.1522  load=0.577s  pfba=14.061s
  [461/500] MGYG000004525
    10 media  mets=1160 rxns=1314 biomass=bio1 growth=0.0000..1.4046  load=1.178s  pfba=25.305s
  [462/500] MGYG000004527
    10 media  mets=728 rxns=672 biomass=bio1 growth=0.0000..0.0000  load=0.736s  pfba=0.219s
  [463/500] MGYG000004529
    10 media  mets=1120 rxns=1197 biomass=bio1 growth=0.0000..0.2142  load=1.034s  pfba=33.122s
  [464/500] MGYG000004532
    10 media  mets=1273 rxns=1359 biomass=bio1 growth=0.0000..0.7127  load=1.102s  pfba=32.406s
  [465/500] MGYG000004533
    10 media  mets=1086 rxns=1107 biomass=bio1 growth=0.0000..0.7333  load=0.979s  pfba=26.839s
  [466/500] MGYG000004535
    10 media  mets=933 rxns=1015 biomass=bio1 growth=0.3826..0.9944  load=0.900s  pfba=26.443s
  [467/500] MGYG000004537
    10 media  mets=956 rxns=953 biomass=bio1 growth=0.0000..0.0000  load=0.894s  pfba=0.292s
  [468/500] MGYG000004542
    10 media  mets=1177 rxns=1318 biomass=bio1 growth=0.8309..2.1851  load=1.224s  pfba=43.396s
  [469/500] MGYG000004553
    10 media  mets=1149 rxns=1299 biomass=bio1 growth=0.3976..1.2093  load=1.169s  pfba=41.978s
  [470/500] MGYG000004557
    10 media  mets=1193 rxns=1332 biomass=bio1 growth=0.0000..0.2889  load=1.053s  pfba=27.202s
  [471/500] MGYG000004559
    10 media  mets=1251 rxns=1376 biomass=bio1 growth=0.7867..1.6767  load=1.211s  pfba=46.001s
  [472/500] MGYG000004563
    10 media  mets=982 rxns=910 biomass=bio1 growth=0.0000..0.0000  load=0.842s  pfba=0.258s
  [473/500] MGYG000004565
    10 media  mets=1105 rxns=1213 biomass=bio1 growth=0.2473..0.6850  load=0.953s  pfba=37.823s
  [474/500] MGYG000004569
    10 media  mets=1093 rxns=1191 biomass=bio1 growth=0.0000..0.6793  load=1.030s  pfba=26.765s
  [475/500] MGYG000004576
    10 media  mets=1047 rxns=1178 biomass=bio1 growth=0.0000..0.9944  load=0.919s  pfba=22.163s
  [476/500] MGYG000004589
    10 media  mets=1180 rxns=1358 biomass=bio1 growth=0.0000..1.3854  load=1.086s  pfba=28.284s
  [477/500] MGYG000004592
    10 media  mets=1229 rxns=1256 biomass=bio1 growth=0.0000..0.5483  load=1.038s  pfba=16.829s
  [478/500] MGYG000004612
    10 media  mets=1308 rxns=1467 biomass=bio1 growth=0.0000..2.1723  load=1.325s  pfba=32.866s
  [479/500] MGYG000004616
    10 media  mets=1201 rxns=1336 biomass=bio1 growth=0.0000..0.3497  load=1.109s  pfba=32.530s
  [480/500] MGYG000004633
    10 media  mets=1263 rxns=1434 biomass=bio1 growth=0.6524..1.9183  load=1.321s  pfba=55.633s
  [481/500] MGYG000004637
    10 media  mets=1072 rxns=1117 biomass=bio1 growth=0.0433..0.0839  load=0.979s  pfba=31.659s
  [482/500] MGYG000004652
    10 media  mets=1396 rxns=1665 biomass=bio1 growth=0.2394..1.4311  load=1.335s  pfba=68.940s
  [483/500] MGYG000004655
    10 media  mets=1273 rxns=1414 biomass=bio1 growth=0.3018..0.8489  load=1.256s  pfba=51.155s
  [484/500] MGYG000004663
    10 media  mets=1293 rxns=1389 biomass=bio1 growth=0.0000..0.0000  load=1.140s  pfba=0.737s
  [485/500] MGYG000004733
    10 media  mets=1460 rxns=1699 biomass=bio1 growth=0.9853..2.7061  load=1.522s  pfba=72.379s
  [486/500] MGYG000004736
    10 media  mets=1321 rxns=1439 biomass=bio1 growth=0.0000..1.5649  load=1.279s  pfba=37.492s
  [487/500] MGYG000004739
    10 media  mets=1337 rxns=1596 biomass=bio1 growth=0.0000..1.6104  load=1.527s  pfba=44.923s
  [488/500] MGYG000004744
    10 media  mets=1298 rxns=1476 biomass=bio1 growth=0.5602..1.6491  load=1.324s  pfba=55.373s
  [489/500] MGYG000004770
    10 media  mets=1486 rxns=1724 biomass=bio1 growth=0.4481..0.7744  load=1.667s  pfba=72.511s
  [490/500] MGYG000004781
    10 media  mets=1669 rxns=1967 biomass=bio1 growth=0.0000..3.0214  load=1.674s  pfba=56.783s
  [491/500] MGYG000004783
    10 media  mets=1172 rxns=1285 biomass=bio1 growth=0.0000..0.9944  load=1.181s  pfba=36.906s
  [492/500] MGYG000004786
    10 media  mets=1129 rxns=1253 biomass=bio1 growth=0.0000..1.9241  load=1.138s  pfba=26.451s
  [493/500] MGYG000004797
    10 media  mets=1513 rxns=1809 biomass=bio1 growth=0.9582..1.9882  load=1.713s  pfba=77.762s
  [494/500] MGYG000004798
    10 media  mets=1526 rxns=1820 biomass=bio1 growth=0.9986..2.2616  load=1.520s  pfba=77.870s
  [495/500] MGYG000004819
    10 media  mets=1426 rxns=1681 biomass=bio1 growth=0.3904..1.2770  load=1.507s  pfba=68.049s
  [496/500] MGYG000004834
    10 media  mets=1224 rxns=1381 biomass=bio1 growth=0.4253..2.0750  load=1.241s  pfba=49.291s
  [497/500] MGYG000004846
    10 media  mets=1183 rxns=1319 biomass=bio1 growth=0.8261..2.1730  load=1.060s  pfba=43.489s
  [498/500] MGYG000004852
    10 media  mets=1367 rxns=1559 biomass=bio1 growth=0.6666..1.7746  load=1.393s  pfba=57.443s
  [499/500] MGYG000004855
    10 media  mets=1388 rxns=1630 biomass=bio1 growth=0.0000..2.7873  load=1.506s  pfba=43.974s
  [500/500] MGYG000004864
    10 media  mets=1346 rxns=1467 biomass=bio1 growth=0.5332..0.7225  load=1.236s  pfba=51.265s

============================================
  COBRApy CycleFreeFlux+pFBA Benchmark
============================================
Models:          500
Completed:       4960
Timed out:       4  (>120s each)
Total load:      6086.9 s  (1.227 s/model)
Total CFF+pFBA:  21652.6 s  (4.365 s/model)
Total wall time: 3605.0 s
Peak memory:     225.0 MB
