Read 10 model paths from /Users/jingyi/fast-mic/benchmark/benchmark_results/thread_scaling/probe_n500.txt
  Medium CSV: 81 compounds loaded from '/Users/jingyi/fast-mic/media/gradient_L0_base_gapseq.csv'
  Medium CSV: 83 compounds loaded from '/Users/jingyi/fast-mic/media/gradient_L1_inulin_gapseq.csv'
  Medium CSV: 84 compounds loaded from '/Users/jingyi/fast-mic/media/gradient_L2_fos_gapseq.csv'
  Medium CSV: 87 compounds loaded from '/Users/jingyi/fast-mic/media/gradient_L3_gos_gapseq.csv'
  Medium CSV: 89 compounds loaded from '/Users/jingyi/fast-mic/media/gradient_L4_xos_gapseq.csv'
  Medium CSV: 91 compounds loaded from '/Users/jingyi/fast-mic/media/gradient_L5_pectin_gapseq.csv'
  Medium CSV: 94 compounds loaded from '/Users/jingyi/fast-mic/media/gradient_L6_resistant_starch_gapseq.csv'
  Medium CSV: 95 compounds loaded from '/Users/jingyi/fast-mic/media/gradient_L7_bglucan_gapseq.csv'
  Medium CSV: 96 compounds loaded from '/Users/jingyi/fast-mic/media/gradient_L8_hmo_gapseq.csv'
  Medium CSV: 98 compounds loaded from '/Users/jingyi/fast-mic/media/gradient_L9_mos_gapseq.csv'
Media: 10 (per-model loop): gradient_L0_base_gapseq, gradient_L1_inulin_gapseq, gradient_L2_fos_gapseq, gradient_L3_gos_gapseq, gradient_L4_xos_gapseq, gradient_L5_pectin_gapseq, gradient_L6_resistant_starch_gapseq, gradient_L7_bglucan_gapseq, gradient_L8_hmo_gapseq, gradient_L9_mos_gapseq
Uptake limits: carbon=10.00  aa=1.00  nucleobase=0.50  cofactor=0.10
Models: 10  ×  10 media
Threads: 1 (user-specified)

  SBML: 69 parameters, 530 genes, 1 objectives, 1401 metabolites (0 boundary, 0 EX added), 1622 reactions (152 exchange, 1182 with genes), biomass: Some("R_EX_cpd11416_c0")
  Medium: 151 exchanges found, 56 opened, 95 closed (81 compounds → 486 expanded IDs)
  Medium: 151 exchanges found, 57 opened, 94 closed (83 compounds → 498 expanded IDs)
  Medium: 151 exchanges found, 57 opened, 94 closed (84 compounds → 504 expanded IDs)
  Medium: 151 exchanges found, 59 opened, 92 closed (87 compounds → 522 expanded IDs)
  Medium: 151 exchanges found, 61 opened, 90 closed (89 compounds → 534 expanded IDs)
  Medium: 151 exchanges found, 62 opened, 89 closed (91 compounds → 546 expanded IDs)
  Medium: 151 exchanges found, 65 opened, 86 closed (94 compounds → 564 expanded IDs)
  Medium: 151 exchanges found, 66 opened, 85 closed (95 compounds → 570 expanded IDs)
  Medium: 151 exchanges found, 67 opened, 84 closed (96 compounds → 576 expanded IDs)
  Medium: 151 exchanges found, 68 opened, 83 closed (98 compounds → 588 expanded IDs)
  SBML: 82 parameters, 727 genes, 1 objectives, 1784 metabolites (0 boundary, 0 EX added), 2176 reactions (186 exchange, 1689 with genes), biomass: Some("R_EX_cpd11416_c0")
  Medium: 185 exchanges found, 67 opened, 118 closed (81 compounds → 486 expanded IDs)
  Medium: 185 exchanges found, 69 opened, 116 closed (83 compounds → 498 expanded IDs)
  Medium: 185 exchanges found, 69 opened, 116 closed (84 compounds → 504 expanded IDs)
  Medium: 185 exchanges found, 71 opened, 114 closed (87 compounds → 522 expanded IDs)
  Medium: 185 exchanges found, 73 opened, 112 closed (89 compounds → 534 expanded IDs)
  Medium: 185 exchanges found, 74 opened, 111 closed (91 compounds → 546 expanded IDs)
  Medium: 185 exchanges found, 77 opened, 108 closed (94 compounds → 564 expanded IDs)
  Medium: 185 exchanges found, 78 opened, 107 closed (95 compounds → 570 expanded IDs)
  Medium: 185 exchanges found, 79 opened, 106 closed (96 compounds → 576 expanded IDs)
  Medium: 185 exchanges found, 80 opened, 105 closed (98 compounds → 588 expanded IDs)
  SBML: 71 parameters, 372 genes, 1 objectives, 1329 metabolites (0 boundary, 0 EX added), 1501 reactions (142 exchange, 1077 with genes), biomass: Some("R_EX_cpd11416_c0")
  Medium: 141 exchanges found, 58 opened, 83 closed (81 compounds → 486 expanded IDs)
  Medium: 141 exchanges found, 60 opened, 81 closed (83 compounds → 498 expanded IDs)
  Medium: 141 exchanges found, 60 opened, 81 closed (84 compounds → 504 expanded IDs)
  Medium: 141 exchanges found, 62 opened, 79 closed (87 compounds → 522 expanded IDs)
  Medium: 141 exchanges found, 64 opened, 77 closed (89 compounds → 534 expanded IDs)
  Medium: 141 exchanges found, 65 opened, 76 closed (91 compounds → 546 expanded IDs)
  Medium: 141 exchanges found, 68 opened, 73 closed (94 compounds → 564 expanded IDs)
  Medium: 141 exchanges found, 69 opened, 72 closed (95 compounds → 570 expanded IDs)
  Medium: 141 exchanges found, 70 opened, 71 closed (96 compounds → 576 expanded IDs)
  Medium: 141 exchanges found, 71 opened, 70 closed (98 compounds → 588 expanded IDs)
  SBML: 65 parameters, 361 genes, 1 objectives, 1293 metabolites (0 boundary, 0 EX added), 1415 reactions (135 exchange, 1023 with genes), biomass: Some("R_EX_cpd11416_c0")
  Medium: 134 exchanges found, 59 opened, 75 closed (81 compounds → 486 expanded IDs)
  Medium: 134 exchanges found, 61 opened, 73 closed (83 compounds → 498 expanded IDs)
  Medium: 134 exchanges found, 61 opened, 73 closed (84 compounds → 504 expanded IDs)
  Medium: 134 exchanges found, 62 opened, 72 closed (87 compounds → 522 expanded IDs)
  Medium: 134 exchanges found, 64 opened, 70 closed (89 compounds → 534 expanded IDs)
  Medium: 134 exchanges found, 64 opened, 70 closed (91 compounds → 546 expanded IDs)
  Medium: 134 exchanges found, 65 opened, 69 closed (94 compounds → 564 expanded IDs)
  Medium: 134 exchanges found, 65 opened, 69 closed (95 compounds → 570 expanded IDs)
  Medium: 134 exchanges found, 65 opened, 69 closed (96 compounds → 576 expanded IDs)
  Medium: 134 exchanges found, 65 opened, 69 closed (98 compounds → 588 expanded IDs)
  SBML: 71 parameters, 385 genes, 1 objectives, 1295 metabolites (0 boundary, 0 EX added), 1489 reactions (149 exchange, 1065 with genes), biomass: Some("R_EX_cpd11416_c0")
  Medium: 148 exchanges found, 58 opened, 90 closed (81 compounds → 486 expanded IDs)
  Medium: 148 exchanges found, 60 opened, 88 closed (83 compounds → 498 expanded IDs)
  Medium: 148 exchanges found, 60 opened, 88 closed (84 compounds → 504 expanded IDs)
  Medium: 148 exchanges found, 62 opened, 86 closed (87 compounds → 522 expanded IDs)
  Medium: 148 exchanges found, 64 opened, 84 closed (89 compounds → 534 expanded IDs)
  Medium: 148 exchanges found, 65 opened, 83 closed (91 compounds → 546 expanded IDs)
  Medium: 148 exchanges found, 68 opened, 80 closed (94 compounds → 564 expanded IDs)
  Medium: 148 exchanges found, 69 opened, 79 closed (95 compounds → 570 expanded IDs)
  Medium: 148 exchanges found, 70 opened, 78 closed (96 compounds → 576 expanded IDs)
  Medium: 148 exchanges found, 71 opened, 77 closed (98 compounds → 588 expanded IDs)
  SBML: 69 parameters, 514 genes, 1 objectives, 1395 metabolites (0 boundary, 0 EX added), 1680 reactions (161 exchange, 1208 with genes), biomass: Some("R_EX_cpd11416_c0")
  Medium: 160 exchanges found, 58 opened, 102 closed (81 compounds → 486 expanded IDs)
  Medium: 160 exchanges found, 59 opened, 101 closed (83 compounds → 498 expanded IDs)
  Medium: 160 exchanges found, 59 opened, 101 closed (84 compounds → 504 expanded IDs)
  Medium: 160 exchanges found, 60 opened, 100 closed (87 compounds → 522 expanded IDs)
  Medium: 160 exchanges found, 62 opened, 98 closed (89 compounds → 534 expanded IDs)
  Medium: 160 exchanges found, 63 opened, 97 closed (91 compounds → 546 expanded IDs)
  Medium: 160 exchanges found, 66 opened, 94 closed (94 compounds → 564 expanded IDs)
  Medium: 160 exchanges found, 67 opened, 93 closed (95 compounds → 570 expanded IDs)
  Medium: 160 exchanges found, 67 opened, 93 closed (96 compounds → 576 expanded IDs)
  Medium: 160 exchanges found, 68 opened, 92 closed (98 compounds → 588 expanded IDs)
  SBML: 65 parameters, 375 genes, 1 objectives, 1288 metabolites (0 boundary, 0 EX added), 1495 reactions (141 exchange, 1084 with genes), biomass: Some("R_EX_cpd11416_c0")
  Medium: 140 exchanges found, 56 opened, 84 closed (81 compounds → 486 expanded IDs)
  Medium: 140 exchanges found, 57 opened, 83 closed (83 compounds → 498 expanded IDs)
  Medium: 140 exchanges found, 57 opened, 83 closed (84 compounds → 504 expanded IDs)
  Medium: 140 exchanges found, 58 opened, 82 closed (87 compounds → 522 expanded IDs)
  Medium: 140 exchanges found, 60 opened, 80 closed (89 compounds → 534 expanded IDs)
  Medium: 140 exchanges found, 60 opened, 80 closed (91 compounds → 546 expanded IDs)
  Medium: 140 exchanges found, 62 opened, 78 closed (94 compounds → 564 expanded IDs)
  Medium: 140 exchanges found, 62 opened, 78 closed (95 compounds → 570 expanded IDs)
  Medium: 140 exchanges found, 62 opened, 78 closed (96 compounds → 576 expanded IDs)
  Medium: 140 exchanges found, 63 opened, 77 closed (98 compounds → 588 expanded IDs)
  SBML: 76 parameters, 384 genes, 1 objectives, 1359 metabolites (0 boundary, 0 EX added), 1483 reactions (149 exchange, 1043 with genes), biomass: Some("R_EX_cpd11416_c0")
  Medium: 148 exchanges found, 64 opened, 84 closed (81 compounds → 486 expanded IDs)
  Medium: 148 exchanges found, 65 opened, 83 closed (83 compounds → 498 expanded IDs)
  Medium: 148 exchanges found, 65 opened, 83 closed (84 compounds → 504 expanded IDs)
  Medium: 148 exchanges found, 67 opened, 81 closed (87 compounds → 522 expanded IDs)
  Medium: 148 exchanges found, 69 opened, 79 closed (89 compounds → 534 expanded IDs)
  Medium: 148 exchanges found, 70 opened, 78 closed (91 compounds → 546 expanded IDs)
  Medium: 148 exchanges found, 73 opened, 75 closed (94 compounds → 564 expanded IDs)
  Medium: 148 exchanges found, 73 opened, 75 closed (95 compounds → 570 expanded IDs)
  Medium: 148 exchanges found, 74 opened, 74 closed (96 compounds → 576 expanded IDs)
  Medium: 148 exchanges found, 75 opened, 73 closed (98 compounds → 588 expanded IDs)
  SBML: 77 parameters, 463 genes, 1 objectives, 1370 metabolites (0 boundary, 0 EX added), 1580 reactions (163 exchange, 1113 with genes), biomass: Some("R_EX_cpd11416_c0")
  Medium: 162 exchanges found, 63 opened, 99 closed (81 compounds → 486 expanded IDs)
  Medium: 162 exchanges found, 65 opened, 97 closed (83 compounds → 498 expanded IDs)
  Medium: 162 exchanges found, 65 opened, 97 closed (84 compounds → 504 expanded IDs)
  Medium: 162 exchanges found, 67 opened, 95 closed (87 compounds → 522 expanded IDs)
  Medium: 162 exchanges found, 69 opened, 93 closed (89 compounds → 534 expanded IDs)
  Medium: 162 exchanges found, 70 opened, 92 closed (91 compounds → 546 expanded IDs)
  Medium: 162 exchanges found, 73 opened, 89 closed (94 compounds → 564 expanded IDs)
  Medium: 162 exchanges found, 74 opened, 88 closed (95 compounds → 570 expanded IDs)
  Medium: 162 exchanges found, 75 opened, 87 closed (96 compounds → 576 expanded IDs)
  Medium: 162 exchanges found, 76 opened, 86 closed (98 compounds → 588 expanded IDs)
  SBML: 60 parameters, 314 genes, 1 objectives, 1263 metabolites (0 boundary, 0 EX added), 1324 reactions (119 exchange, 943 with genes), biomass: Some("R_EX_cpd11416_c0")
  Medium: 118 exchanges found, 49 opened, 69 closed (81 compounds → 486 expanded IDs)
  Medium: 118 exchanges found, 50 opened, 68 closed (83 compounds → 498 expanded IDs)
  Medium: 118 exchanges found, 50 opened, 68 closed (84 compounds → 504 expanded IDs)
  Medium: 118 exchanges found, 52 opened, 66 closed (87 compounds → 522 expanded IDs)
  Medium: 118 exchanges found, 54 opened, 64 closed (89 compounds → 534 expanded IDs)
  Medium: 118 exchanges found, 54 opened, 64 closed (91 compounds → 546 expanded IDs)
  Medium: 118 exchanges found, 57 opened, 61 closed (94 compounds → 564 expanded IDs)
  Medium: 118 exchanges found, 58 opened, 60 closed (95 compounds → 570 expanded IDs)
  Medium: 118 exchanges found, 59 opened, 59 closed (96 compounds → 576 expanded IDs)
  Medium: 118 exchanges found, 60 opened, 58 closed (98 compounds → 588 expanded IDs)

========================================
  fast-mic Single-Species pFBA Benchmark
========================================
Models:              100
Total load time:     1.6019 s  (0.0160 s/model)
Total pFBA time:     2.0231 s  (0.0202 s/model)
Total wall time:     2.2134 s  (0.0221 s/model)
Peak memory:         53.5 MB
RSS delta:           49.4 MB
