Read 10 model paths from /Users/jingyi/fast-mic/benchmark/benchmark_results/thread_scaling/probe_n100.txt
  Medium CSV: 81 compounds loaded from '/Users/jingyi/fast-mic/media/gradient_L0_base_gapseq.csv'
  Medium CSV: 83 compounds loaded from '/Users/jingyi/fast-mic/media/gradient_L1_inulin_gapseq.csv'
  Medium CSV: 84 compounds loaded from '/Users/jingyi/fast-mic/media/gradient_L2_fos_gapseq.csv'
  Medium CSV: 87 compounds loaded from '/Users/jingyi/fast-mic/media/gradient_L3_gos_gapseq.csv'
  Medium CSV: 89 compounds loaded from '/Users/jingyi/fast-mic/media/gradient_L4_xos_gapseq.csv'
  Medium CSV: 91 compounds loaded from '/Users/jingyi/fast-mic/media/gradient_L5_pectin_gapseq.csv'
  Medium CSV: 94 compounds loaded from '/Users/jingyi/fast-mic/media/gradient_L6_resistant_starch_gapseq.csv'
  Medium CSV: 95 compounds loaded from '/Users/jingyi/fast-mic/media/gradient_L7_bglucan_gapseq.csv'
  Medium CSV: 96 compounds loaded from '/Users/jingyi/fast-mic/media/gradient_L8_hmo_gapseq.csv'
  Medium CSV: 98 compounds loaded from '/Users/jingyi/fast-mic/media/gradient_L9_mos_gapseq.csv'
Media: 10 (per-model loop): gradient_L0_base_gapseq, gradient_L1_inulin_gapseq, gradient_L2_fos_gapseq, gradient_L3_gos_gapseq, gradient_L4_xos_gapseq, gradient_L5_pectin_gapseq, gradient_L6_resistant_starch_gapseq, gradient_L7_bglucan_gapseq, gradient_L8_hmo_gapseq, gradient_L9_mos_gapseq
Uptake limits: carbon=10.00  aa=1.00  nucleobase=0.50  cofactor=0.10
Models: 10  ×  10 media
Threads: 1 (user-specified)

  SBML: 71 parameters, 372 genes, 1 objectives, 1329 metabolites (0 boundary, 0 EX added), 1501 reactions (142 exchange, 1077 with genes), biomass: Some("R_EX_cpd11416_c0")
  Medium: 141 exchanges found, 58 opened, 83 closed (81 compounds → 486 expanded IDs)
  Medium: 141 exchanges found, 60 opened, 81 closed (83 compounds → 498 expanded IDs)
  Medium: 141 exchanges found, 60 opened, 81 closed (84 compounds → 504 expanded IDs)
  Medium: 141 exchanges found, 62 opened, 79 closed (87 compounds → 522 expanded IDs)
  Medium: 141 exchanges found, 64 opened, 77 closed (89 compounds → 534 expanded IDs)
  Medium: 141 exchanges found, 65 opened, 76 closed (91 compounds → 546 expanded IDs)
  Medium: 141 exchanges found, 68 opened, 73 closed (94 compounds → 564 expanded IDs)
  Medium: 141 exchanges found, 69 opened, 72 closed (95 compounds → 570 expanded IDs)
  Medium: 141 exchanges found, 70 opened, 71 closed (96 compounds → 576 expanded IDs)
  Medium: 141 exchanges found, 71 opened, 70 closed (98 compounds → 588 expanded IDs)
  SBML: 60 parameters, 314 genes, 1 objectives, 1263 metabolites (0 boundary, 0 EX added), 1324 reactions (119 exchange, 943 with genes), biomass: Some("R_EX_cpd11416_c0")
  Medium: 118 exchanges found, 49 opened, 69 closed (81 compounds → 486 expanded IDs)
  Medium: 118 exchanges found, 50 opened, 68 closed (83 compounds → 498 expanded IDs)
  Medium: 118 exchanges found, 50 opened, 68 closed (84 compounds → 504 expanded IDs)
  Medium: 118 exchanges found, 52 opened, 66 closed (87 compounds → 522 expanded IDs)
  Medium: 118 exchanges found, 54 opened, 64 closed (89 compounds → 534 expanded IDs)
  Medium: 118 exchanges found, 54 opened, 64 closed (91 compounds → 546 expanded IDs)
  Medium: 118 exchanges found, 57 opened, 61 closed (94 compounds → 564 expanded IDs)
  Medium: 118 exchanges found, 58 opened, 60 closed (95 compounds → 570 expanded IDs)
  Medium: 118 exchanges found, 59 opened, 59 closed (96 compounds → 576 expanded IDs)
  Medium: 118 exchanges found, 60 opened, 58 closed (98 compounds → 588 expanded IDs)
  SBML: 67 parameters, 380 genes, 1 objectives, 1345 metabolites (0 boundary, 0 EX added), 1481 reactions (141 exchange, 1061 with genes), biomass: Some("R_EX_cpd11416_c0")
  Medium: 140 exchanges found, 56 opened, 84 closed (81 compounds → 486 expanded IDs)
  Medium: 140 exchanges found, 57 opened, 83 closed (83 compounds → 498 expanded IDs)
  Medium: 140 exchanges found, 57 opened, 83 closed (84 compounds → 504 expanded IDs)
  Medium: 140 exchanges found, 59 opened, 81 closed (87 compounds → 522 expanded IDs)
  Medium: 140 exchanges found, 61 opened, 79 closed (89 compounds → 534 expanded IDs)
  Medium: 140 exchanges found, 61 opened, 79 closed (91 compounds → 546 expanded IDs)
  Medium: 140 exchanges found, 64 opened, 76 closed (94 compounds → 564 expanded IDs)
  Medium: 140 exchanges found, 64 opened, 76 closed (95 compounds → 570 expanded IDs)
  Medium: 140 exchanges found, 65 opened, 75 closed (96 compounds → 576 expanded IDs)
  Medium: 140 exchanges found, 66 opened, 74 closed (98 compounds → 588 expanded IDs)
  SBML: 78 parameters, 398 genes, 1 objectives, 1472 metabolites (0 boundary, 0 EX added), 1756 reactions (160 exchange, 1295 with genes), biomass: Some("R_EX_cpd11416_c0")
  Medium: 159 exchanges found, 65 opened, 94 closed (81 compounds → 486 expanded IDs)
  Medium: 159 exchanges found, 67 opened, 92 closed (83 compounds → 498 expanded IDs)
  Medium: 159 exchanges found, 67 opened, 92 closed (84 compounds → 504 expanded IDs)
  Medium: 159 exchanges found, 69 opened, 90 closed (87 compounds → 522 expanded IDs)
  Medium: 159 exchanges found, 71 opened, 88 closed (89 compounds → 534 expanded IDs)
  Medium: 159 exchanges found, 72 opened, 87 closed (91 compounds → 546 expanded IDs)
  Medium: 159 exchanges found, 75 opened, 84 closed (94 compounds → 564 expanded IDs)
  Medium: 159 exchanges found, 76 opened, 83 closed (95 compounds → 570 expanded IDs)
  Medium: 159 exchanges found, 77 opened, 82 closed (96 compounds → 576 expanded IDs)
  Medium: 159 exchanges found, 78 opened, 81 closed (98 compounds → 588 expanded IDs)
  SBML: 61 parameters, 270 genes, 1 objectives, 1104 metabolites (0 boundary, 0 EX added), 1181 reactions (125 exchange, 814 with genes), biomass: Some("R_EX_cpd11416_c0")
  Medium: 124 exchanges found, 55 opened, 69 closed (81 compounds → 486 expanded IDs)
  Medium: 124 exchanges found, 56 opened, 68 closed (83 compounds → 498 expanded IDs)
  Medium: 124 exchanges found, 56 opened, 68 closed (84 compounds → 504 expanded IDs)
  Medium: 124 exchanges found, 57 opened, 67 closed (87 compounds → 522 expanded IDs)
  Medium: 124 exchanges found, 58 opened, 66 closed (89 compounds → 534 expanded IDs)
  Medium: 124 exchanges found, 58 opened, 66 closed (91 compounds → 546 expanded IDs)
  Medium: 124 exchanges found, 60 opened, 64 closed (94 compounds → 564 expanded IDs)
  Medium: 124 exchanges found, 60 opened, 64 closed (95 compounds → 570 expanded IDs)
  Medium: 124 exchanges found, 60 opened, 64 closed (96 compounds → 576 expanded IDs)
  Medium: 124 exchanges found, 61 opened, 63 closed (98 compounds → 588 expanded IDs)
  SBML: 75 parameters, 670 genes, 1 objectives, 1657 metabolites (0 boundary, 0 EX added), 1946 reactions (158 exchange, 1488 with genes), biomass: Some("R_EX_cpd11416_c0")
  Medium: 157 exchanges found, 60 opened, 97 closed (81 compounds → 486 expanded IDs)
  Medium: 157 exchanges found, 62 opened, 95 closed (83 compounds → 498 expanded IDs)
  Medium: 157 exchanges found, 62 opened, 95 closed (84 compounds → 504 expanded IDs)
  Medium: 157 exchanges found, 64 opened, 93 closed (87 compounds → 522 expanded IDs)
  Medium: 157 exchanges found, 66 opened, 91 closed (89 compounds → 534 expanded IDs)
  Medium: 157 exchanges found, 67 opened, 90 closed (91 compounds → 546 expanded IDs)
  Medium: 157 exchanges found, 70 opened, 87 closed (94 compounds → 564 expanded IDs)
  Medium: 157 exchanges found, 71 opened, 86 closed (95 compounds → 570 expanded IDs)
  Medium: 157 exchanges found, 72 opened, 85 closed (96 compounds → 576 expanded IDs)
  Medium: 157 exchanges found, 73 opened, 84 closed (98 compounds → 588 expanded IDs)
  SBML: 77 parameters, 811 genes, 1 objectives, 1715 metabolites (0 boundary, 0 EX added), 1994 reactions (168 exchange, 1540 with genes), biomass: Some("R_EX_cpd11416_c0")
  Medium: 167 exchanges found, 62 opened, 105 closed (81 compounds → 486 expanded IDs)
  Medium: 167 exchanges found, 64 opened, 103 closed (83 compounds → 498 expanded IDs)
  Medium: 167 exchanges found, 64 opened, 103 closed (84 compounds → 504 expanded IDs)
  Medium: 167 exchanges found, 66 opened, 101 closed (87 compounds → 522 expanded IDs)
  Medium: 167 exchanges found, 68 opened, 99 closed (89 compounds → 534 expanded IDs)
  Medium: 167 exchanges found, 69 opened, 98 closed (91 compounds → 546 expanded IDs)
  Medium: 167 exchanges found, 72 opened, 95 closed (94 compounds → 564 expanded IDs)
  Medium: 167 exchanges found, 73 opened, 94 closed (95 compounds → 570 expanded IDs)
  Medium: 167 exchanges found, 74 opened, 93 closed (96 compounds → 576 expanded IDs)
  Medium: 167 exchanges found, 75 opened, 92 closed (98 compounds → 588 expanded IDs)
  SBML: 71 parameters, 429 genes, 1 objectives, 1362 metabolites (0 boundary, 0 EX added), 1585 reactions (141 exchange, 1149 with genes), biomass: Some("R_EX_cpd11416_c0")
  Medium: 140 exchanges found, 59 opened, 81 closed (81 compounds → 486 expanded IDs)
  Medium: 140 exchanges found, 60 opened, 80 closed (83 compounds → 498 expanded IDs)
  Medium: 140 exchanges found, 60 opened, 80 closed (84 compounds → 504 expanded IDs)
  Medium: 140 exchanges found, 62 opened, 78 closed (87 compounds → 522 expanded IDs)
  Medium: 140 exchanges found, 64 opened, 76 closed (89 compounds → 534 expanded IDs)
  Medium: 140 exchanges found, 65 opened, 75 closed (91 compounds → 546 expanded IDs)
  Medium: 140 exchanges found, 68 opened, 72 closed (94 compounds → 564 expanded IDs)
  Medium: 140 exchanges found, 69 opened, 71 closed (95 compounds → 570 expanded IDs)
  Medium: 140 exchanges found, 70 opened, 70 closed (96 compounds → 576 expanded IDs)
  Medium: 140 exchanges found, 71 opened, 69 closed (98 compounds → 588 expanded IDs)
  SBML: 74 parameters, 333 genes, 1 objectives, 1165 metabolites (0 boundary, 0 EX added), 1318 reactions (141 exchange, 866 with genes), biomass: Some("R_EX_cpd11416_c0")
  Medium: 140 exchanges found, 59 opened, 81 closed (81 compounds → 486 expanded IDs)
  Medium: 140 exchanges found, 61 opened, 79 closed (83 compounds → 498 expanded IDs)
  Medium: 140 exchanges found, 61 opened, 79 closed (84 compounds → 504 expanded IDs)
  Medium: 140 exchanges found, 63 opened, 77 closed (87 compounds → 522 expanded IDs)
  Medium: 140 exchanges found, 65 opened, 75 closed (89 compounds → 534 expanded IDs)
  Medium: 140 exchanges found, 66 opened, 74 closed (91 compounds → 546 expanded IDs)
  Medium: 140 exchanges found, 69 opened, 71 closed (94 compounds → 564 expanded IDs)
  Medium: 140 exchanges found, 70 opened, 70 closed (95 compounds → 570 expanded IDs)
  Medium: 140 exchanges found, 71 opened, 69 closed (96 compounds → 576 expanded IDs)
  Medium: 140 exchanges found, 72 opened, 68 closed (98 compounds → 588 expanded IDs)
  SBML: 72 parameters, 331 genes, 1 objectives, 1167 metabolites (0 boundary, 0 EX added), 1277 reactions (139 exchange, 860 with genes), biomass: Some("R_EX_cpd11416_c0")
  Medium: 138 exchanges found, 57 opened, 81 closed (81 compounds → 486 expanded IDs)
  Medium: 138 exchanges found, 59 opened, 79 closed (83 compounds → 498 expanded IDs)
  Medium: 138 exchanges found, 59 opened, 79 closed (84 compounds → 504 expanded IDs)
  Medium: 138 exchanges found, 61 opened, 77 closed (87 compounds → 522 expanded IDs)
  Medium: 138 exchanges found, 63 opened, 75 closed (89 compounds → 534 expanded IDs)
  Medium: 138 exchanges found, 64 opened, 74 closed (91 compounds → 546 expanded IDs)
  Medium: 138 exchanges found, 67 opened, 71 closed (94 compounds → 564 expanded IDs)
  Medium: 138 exchanges found, 68 opened, 70 closed (95 compounds → 570 expanded IDs)
  Medium: 138 exchanges found, 69 opened, 69 closed (96 compounds → 576 expanded IDs)
  Medium: 138 exchanges found, 70 opened, 68 closed (98 compounds → 588 expanded IDs)

========================================
  fast-mic Single-Species pFBA Benchmark
========================================
Models:              100
Total load time:     1.6267 s  (0.0163 s/model)
Total pFBA time:     1.9785 s  (0.0198 s/model)
Total wall time:     2.1754 s  (0.0218 s/model)
Peak memory:         70.8 MB
RSS delta:           66.5 MB
