Read 10 model paths from results/fig1/benchmark/thread_scaling/probe_n1000.txt
  Medium CSV: 81 compounds loaded from '../fast-mic/media/gradient_L0_base_gapseq.csv'
  Medium CSV: 83 compounds loaded from '../fast-mic/media/gradient_L1_inulin_gapseq.csv'
  Medium CSV: 84 compounds loaded from '../fast-mic/media/gradient_L2_fos_gapseq.csv'
  Medium CSV: 87 compounds loaded from '../fast-mic/media/gradient_L3_gos_gapseq.csv'
  Medium CSV: 89 compounds loaded from '../fast-mic/media/gradient_L4_xos_gapseq.csv'
  Medium CSV: 91 compounds loaded from '../fast-mic/media/gradient_L5_pectin_gapseq.csv'
  Medium CSV: 94 compounds loaded from '../fast-mic/media/gradient_L6_resistant_starch_gapseq.csv'
  Medium CSV: 95 compounds loaded from '../fast-mic/media/gradient_L7_bglucan_gapseq.csv'
  Medium CSV: 96 compounds loaded from '../fast-mic/media/gradient_L8_hmo_gapseq.csv'
  Medium CSV: 98 compounds loaded from '../fast-mic/media/gradient_L9_mos_gapseq.csv'
Media: 10 (per-model loop): gradient_L0_base_gapseq, gradient_L1_inulin_gapseq, gradient_L2_fos_gapseq, gradient_L3_gos_gapseq, gradient_L4_xos_gapseq, gradient_L5_pectin_gapseq, gradient_L6_resistant_starch_gapseq, gradient_L7_bglucan_gapseq, gradient_L8_hmo_gapseq, gradient_L9_mos_gapseq
Uptake limits: carbon=10.00  aa=1.00  nucleobase=0.50  cofactor=0.10
Models: 10  ×  10 media
Threads: 1 (user-specified)

  SBML: 69 parameters, 530 genes, 1 objectives, 1401 metabolites (0 boundary, 0 EX added), 1622 reactions (152 exchange, 1182 with genes), biomass: Some("R_EX_cpd11416_c0")
  Medium: 151 exchanges found, 56 opened, 95 closed (81 compounds → 486 expanded IDs)
  Medium: 151 exchanges found, 57 opened, 94 closed (83 compounds → 498 expanded IDs)
  Medium: 151 exchanges found, 57 opened, 94 closed (84 compounds → 504 expanded IDs)
  Medium: 151 exchanges found, 59 opened, 92 closed (87 compounds → 522 expanded IDs)
  Medium: 151 exchanges found, 61 opened, 90 closed (89 compounds → 534 expanded IDs)
  Medium: 151 exchanges found, 62 opened, 89 closed (91 compounds → 546 expanded IDs)
  Medium: 151 exchanges found, 65 opened, 86 closed (94 compounds → 564 expanded IDs)
  Medium: 151 exchanges found, 66 opened, 85 closed (95 compounds → 570 expanded IDs)
  Medium: 151 exchanges found, 67 opened, 84 closed (96 compounds → 576 expanded IDs)
  Medium: 151 exchanges found, 68 opened, 83 closed (98 compounds → 588 expanded IDs)
  SBML: 82 parameters, 632 genes, 1 objectives, 1860 metabolites (0 boundary, 0 EX added), 2304 reactions (187 exchange, 1853 with genes), biomass: Some("R_EX_cpd11416_c0")
  Medium: 186 exchanges found, 67 opened, 119 closed (81 compounds → 486 expanded IDs)
  Medium: 186 exchanges found, 69 opened, 117 closed (83 compounds → 498 expanded IDs)
  Medium: 186 exchanges found, 69 opened, 117 closed (84 compounds → 504 expanded IDs)
  Medium: 186 exchanges found, 71 opened, 115 closed (87 compounds → 522 expanded IDs)
  Medium: 186 exchanges found, 73 opened, 113 closed (89 compounds → 534 expanded IDs)
  Medium: 186 exchanges found, 74 opened, 112 closed (91 compounds → 546 expanded IDs)
  Medium: 186 exchanges found, 77 opened, 109 closed (94 compounds → 564 expanded IDs)
  Medium: 186 exchanges found, 78 opened, 108 closed (95 compounds → 570 expanded IDs)
  Medium: 186 exchanges found, 79 opened, 107 closed (96 compounds → 576 expanded IDs)
  Medium: 186 exchanges found, 80 opened, 106 closed (98 compounds → 588 expanded IDs)
  SBML: 83 parameters, 675 genes, 1 objectives, 1894 metabolites (0 boundary, 0 EX added), 2339 reactions (193 exchange, 1890 with genes), biomass: Some("R_EX_cpd11416_c0")
  Medium: 192 exchanges found, 68 opened, 124 closed (81 compounds → 486 expanded IDs)
  Medium: 192 exchanges found, 70 opened, 122 closed (83 compounds → 498 expanded IDs)
  Medium: 192 exchanges found, 70 opened, 122 closed (84 compounds → 504 expanded IDs)
  Medium: 192 exchanges found, 72 opened, 120 closed (87 compounds → 522 expanded IDs)
  Medium: 192 exchanges found, 74 opened, 118 closed (89 compounds → 534 expanded IDs)
  Medium: 192 exchanges found, 75 opened, 117 closed (91 compounds → 546 expanded IDs)
  Medium: 192 exchanges found, 78 opened, 114 closed (94 compounds → 564 expanded IDs)
  Medium: 192 exchanges found, 79 opened, 113 closed (95 compounds → 570 expanded IDs)
  Medium: 192 exchanges found, 80 opened, 112 closed (96 compounds → 576 expanded IDs)
  Medium: 192 exchanges found, 81 opened, 111 closed (98 compounds → 588 expanded IDs)
  SBML: 81 parameters, 971 genes, 1 objectives, 2237 metabolites (0 boundary, 0 EX added), 2730 reactions (204 exchange, 2300 with genes), biomass: Some("R_EX_cpd11416_c0")
  Medium: 203 exchanges found, 66 opened, 137 closed (81 compounds → 486 expanded IDs)
  Medium: 203 exchanges found, 68 opened, 135 closed (83 compounds → 498 expanded IDs)
  Medium: 203 exchanges found, 68 opened, 135 closed (84 compounds → 504 expanded IDs)
  Medium: 203 exchanges found, 70 opened, 133 closed (87 compounds → 522 expanded IDs)
  Medium: 203 exchanges found, 72 opened, 131 closed (89 compounds → 534 expanded IDs)
  Medium: 203 exchanges found, 73 opened, 130 closed (91 compounds → 546 expanded IDs)
  Medium: 203 exchanges found, 76 opened, 127 closed (94 compounds → 564 expanded IDs)
  Medium: 203 exchanges found, 77 opened, 126 closed (95 compounds → 570 expanded IDs)
  Medium: 203 exchanges found, 78 opened, 125 closed (96 compounds → 576 expanded IDs)
  Medium: 203 exchanges found, 79 opened, 124 closed (98 compounds → 588 expanded IDs)
  SBML: 73 parameters, 657 genes, 1 objectives, 1570 metabolites (0 boundary, 0 EX added), 1879 reactions (172 exchange, 1421 with genes), biomass: Some("R_EX_cpd11416_c0")
  Medium: 171 exchanges found, 62 opened, 109 closed (81 compounds → 486 expanded IDs)
  Medium: 171 exchanges found, 63 opened, 108 closed (83 compounds → 498 expanded IDs)
  Medium: 171 exchanges found, 63 opened, 108 closed (84 compounds → 504 expanded IDs)
  Medium: 171 exchanges found, 64 opened, 107 closed (87 compounds → 522 expanded IDs)
  Medium: 171 exchanges found, 66 opened, 105 closed (89 compounds → 534 expanded IDs)
  Medium: 171 exchanges found, 67 opened, 104 closed (91 compounds → 546 expanded IDs)
  Medium: 171 exchanges found, 70 opened, 101 closed (94 compounds → 564 expanded IDs)
  Medium: 171 exchanges found, 71 opened, 100 closed (95 compounds → 570 expanded IDs)
  Medium: 171 exchanges found, 71 opened, 100 closed (96 compounds → 576 expanded IDs)
  Medium: 171 exchanges found, 72 opened, 99 closed (98 compounds → 588 expanded IDs)
  SBML: 82 parameters, 727 genes, 1 objectives, 1784 metabolites (0 boundary, 0 EX added), 2176 reactions (186 exchange, 1689 with genes), biomass: Some("R_EX_cpd11416_c0")
  Medium: 185 exchanges found, 67 opened, 118 closed (81 compounds → 486 expanded IDs)
  Medium: 185 exchanges found, 69 opened, 116 closed (83 compounds → 498 expanded IDs)
  Medium: 185 exchanges found, 69 opened, 116 closed (84 compounds → 504 expanded IDs)
  Medium: 185 exchanges found, 71 opened, 114 closed (87 compounds → 522 expanded IDs)
  Medium: 185 exchanges found, 73 opened, 112 closed (89 compounds → 534 expanded IDs)
  Medium: 185 exchanges found, 74 opened, 111 closed (91 compounds → 546 expanded IDs)
  Medium: 185 exchanges found, 77 opened, 108 closed (94 compounds → 564 expanded IDs)
  Medium: 185 exchanges found, 78 opened, 107 closed (95 compounds → 570 expanded IDs)
  Medium: 185 exchanges found, 79 opened, 106 closed (96 compounds → 576 expanded IDs)
  Medium: 185 exchanges found, 80 opened, 105 closed (98 compounds → 588 expanded IDs)
  SBML: 80 parameters, 1290 genes, 1 objectives, 2278 metabolites (0 boundary, 0 EX added), 2883 reactions (198 exchange, 2491 with genes), biomass: Some("R_EX_cpd11416_c0")
  Medium: 197 exchanges found, 65 opened, 132 closed (81 compounds → 486 expanded IDs)
  Medium: 197 exchanges found, 67 opened, 130 closed (83 compounds → 498 expanded IDs)
  Medium: 197 exchanges found, 67 opened, 130 closed (84 compounds → 504 expanded IDs)
  Medium: 197 exchanges found, 69 opened, 128 closed (87 compounds → 522 expanded IDs)
  Medium: 197 exchanges found, 71 opened, 126 closed (89 compounds → 534 expanded IDs)
  Medium: 197 exchanges found, 72 opened, 125 closed (91 compounds → 546 expanded IDs)
  Medium: 197 exchanges found, 75 opened, 122 closed (94 compounds → 564 expanded IDs)
  Medium: 197 exchanges found, 76 opened, 121 closed (95 compounds → 570 expanded IDs)
  Medium: 197 exchanges found, 77 opened, 120 closed (96 compounds → 576 expanded IDs)
  Medium: 197 exchanges found, 78 opened, 119 closed (98 compounds → 588 expanded IDs)
  SBML: 76 parameters, 357 genes, 1 objectives, 1286 metabolites (0 boundary, 0 EX added), 1473 reactions (152 exchange, 1038 with genes), biomass: Some("R_EX_cpd11416_c0")
  Medium: 151 exchanges found, 61 opened, 90 closed (81 compounds → 486 expanded IDs)
  Medium: 151 exchanges found, 63 opened, 88 closed (83 compounds → 498 expanded IDs)
  Medium: 151 exchanges found, 63 opened, 88 closed (84 compounds → 504 expanded IDs)
  Medium: 151 exchanges found, 65 opened, 86 closed (87 compounds → 522 expanded IDs)
  Medium: 151 exchanges found, 67 opened, 84 closed (89 compounds → 534 expanded IDs)
  Medium: 151 exchanges found, 68 opened, 83 closed (91 compounds → 546 expanded IDs)
  Medium: 151 exchanges found, 71 opened, 80 closed (94 compounds → 564 expanded IDs)
  Medium: 151 exchanges found, 72 opened, 79 closed (95 compounds → 570 expanded IDs)
  Medium: 151 exchanges found, 73 opened, 78 closed (96 compounds → 576 expanded IDs)
  Medium: 151 exchanges found, 74 opened, 77 closed (98 compounds → 588 expanded IDs)
  SBML: 71 parameters, 372 genes, 1 objectives, 1329 metabolites (0 boundary, 0 EX added), 1501 reactions (142 exchange, 1077 with genes), biomass: Some("R_EX_cpd11416_c0")
  Medium: 141 exchanges found, 58 opened, 83 closed (81 compounds → 486 expanded IDs)
  Medium: 141 exchanges found, 60 opened, 81 closed (83 compounds → 498 expanded IDs)
  Medium: 141 exchanges found, 60 opened, 81 closed (84 compounds → 504 expanded IDs)
  Medium: 141 exchanges found, 62 opened, 79 closed (87 compounds → 522 expanded IDs)
  Medium: 141 exchanges found, 64 opened, 77 closed (89 compounds → 534 expanded IDs)
  Medium: 141 exchanges found, 65 opened, 76 closed (91 compounds → 546 expanded IDs)
  Medium: 141 exchanges found, 68 opened, 73 closed (94 compounds → 564 expanded IDs)
  Medium: 141 exchanges found, 69 opened, 72 closed (95 compounds → 570 expanded IDs)
  Medium: 141 exchanges found, 70 opened, 71 closed (96 compounds → 576 expanded IDs)
  Medium: 141 exchanges found, 71 opened, 70 closed (98 compounds → 588 expanded IDs)
  SBML: 77 parameters, 563 genes, 1 objectives, 1516 metabolites (0 boundary, 0 EX added), 1746 reactions (162 exchange, 1287 with genes), biomass: Some("R_EX_cpd11416_c0")
  Medium: 161 exchanges found, 65 opened, 96 closed (81 compounds → 486 expanded IDs)
  Medium: 161 exchanges found, 67 opened, 94 closed (83 compounds → 498 expanded IDs)
  Medium: 161 exchanges found, 67 opened, 94 closed (84 compounds → 504 expanded IDs)
  Medium: 161 exchanges found, 69 opened, 92 closed (87 compounds → 522 expanded IDs)
  Medium: 161 exchanges found, 71 opened, 90 closed (89 compounds → 534 expanded IDs)
  Medium: 161 exchanges found, 72 opened, 89 closed (91 compounds → 546 expanded IDs)
  Medium: 161 exchanges found, 75 opened, 86 closed (94 compounds → 564 expanded IDs)
  Medium: 161 exchanges found, 75 opened, 86 closed (95 compounds → 570 expanded IDs)
  Medium: 161 exchanges found, 76 opened, 85 closed (96 compounds → 576 expanded IDs)
  Medium: 161 exchanges found, 77 opened, 84 closed (98 compounds → 588 expanded IDs)

========================================
  fast-mic Single-Species pFBA Benchmark
========================================
Models:              100
Total load time:     2.1383 s  (0.0214 s/model)
Total pFBA time:     3.4639 s  (0.0346 s/model)
Total wall time:     3.7133 s  (0.0371 s/model)
Peak memory:         97.3 MB
RSS delta:           93.0 MB
